#
# A fatal error has been detected by the Java Runtime Environment:
#
#  EXCEPTION_ACCESS_VIOLATION (0xc0000005) at pc=0x00007ffd0bf3e9ca, pid=11460, tid=15708
#
# JRE version: OpenJDK Runtime Environment (26.0.2+10) (build 26.0.2+10-55)
# Java VM: OpenJDK 64-Bit Server VM (26.0.2+10-55, mixed mode, sharing, tiered, compressed oops, compressed class ptrs, g1 gc, windows-amd64)
# Problematic frame:
# V  [jvm.dll+0x3ae9ca]
#
# No core dump will be written. Minidumps are not enabled by default on client versions of Windows
#
# If you would like to submit a bug report, please visit:
#   https://bugreport.java.com/bugreport/crash.jsp
#

---------------  S U M M A R Y ------------

Command Line: --enable-native-access=ALL-UNNAMED -Dfile.encoding=UTF-8 -Dclassworlds.conf=D:\Nowy folder (2)\IntelliJ IDEA 2026.2.0.1\plugins\maven-plugin\lib\maven3\bin\m2.conf -Dmaven.home=D:\Nowy folder (2)\IntelliJ IDEA 2026.2.0.1\plugins\maven-plugin\lib\maven3 -Dlibrary.jansi.path=D:\Nowy folder (2)\IntelliJ IDEA 2026.2.0.1\plugins\maven-plugin\lib\maven3\lib\jansi-native -Dmaven.multiModuleProjectDirectory=C:\Users\stasi\IdeaProjects\Mainplugins org.codehaus.plexus.classworlds.launcher.Launcher -Didea.version=2026.2.0.1 -Dmaven.ext.class.path=D:\Nowy folder (2)\IntelliJ IDEA 2026.2.0.1\plugins\maven-plugin\lib\intellij.maven.rt\maven-event-listener.jar -Djansi.passthrough=true -Dstyle.color=always -Dmaven.repo.local=C:\Users\stasi\.m2\repository package -f pom.xml

Host: AMD Ryzen 7 5700X3D 8-Core Processor           , 16 cores, 15G,  Windows 11 , 64 bit Build 26100 (10.0.26100.8875)
Time: Sun Aug  2 03:59:14 2026 elapsed time: 2.938823 seconds (0d 0h 0m 2s)

---------------  T H R E A D  ---------------

Current thread (0x00000160c1535fe0):  JavaThread "main"             [_thread_in_vm, id=15708, stack(0x00000037e6f00000,0x00000037e7000000) (1024K)]

Stack: [0x00000037e6f00000,0x00000037e7000000],  sp=0x00000037e6ffcd98,  free space=1011k
Native frames: (J=compiled Java code, j=interpreted, Vv=VM code, C=native code)
V  [jvm.dll+0x3ae9ca]  (no source info available)
V  [jvm.dll+0x3af98c]  (no source info available)
V  [jvm.dll+0x3afe68]  (no source info available)
V  [jvm.dll+0x50e880]  (no source info available)
C  [nio.dll+0x775c]  (no source info available)
C  [nio.dll+0x64f6]  (no source info available)
C  0x00000160d42b5205  (no source info available)

The last pc belongs to native nmethod (printed below).
Java frames: (J=compiled Java code, j=interpreted, Vv=VM code)
J 1700  sun.nio.fs.WindowsNativeDispatcher.GetFileAttributesEx0(JJ)V java.base@26.0.2 (0 bytes) @ 0x00000160d42b51cc [0x00000160d42b5180+0x000000000000004c]
J 3593 c1 sun.nio.fs.WindowsNativeDispatcher.GetFileAttributesEx(Ljava/lang/String;J)V java.base@26.0.2 (50 bytes) @ 0x00000160ccc281bc [0x00000160ccc28100+0x00000000000000bc]

[error occurred during error reporting (printing Java stack), id 0xc0000005, EXCEPTION_ACCESS_VIOLATION (0xc0000005) at pc=0x00007ffd0bdb0fed]

siginfo: EXCEPTION_ACCESS_VIOLATION (0xc0000005), reading address 0xffffffffffffffff


Registers:
RAX=0xffffffffffffff00, RBX=0x00000160c39dfe08, RCX=0x00000160c15241c0, RDX=0x00000160c1535fe0
RSP=0x00000037e6ffcd98, RBP=0x0000000000000000, RSI=0x00000160c15241c0, RDI=0x00000160c39dfe08
R8 =0x00000160c39dfe08, R9 =0x0000000000000000, R10=0x0000000025440810, R11=0x00000037e6ffcf48
R12=0x00007ffd0c6e5b50, R13=0x00000160c39dfa08, R14=0x00007ffd0c6e5b50, R15=0x00000160c1535fe0
RIP=0x00007ffd0bf3e9ca, EFLAGS=0x0000000000010246

XMM[0]=0x0000000000000000 0x0000000000000000
XMM[1]=0x0000000000000000 0x00000037e6ffd028
XMM[2]=0x0000000000000000 0x0000000000000000
XMM[3]=0x0000000000000000 0x0000000000000000
XMM[4]=0x0000000000000000 0x0000000000000000
XMM[5]=0x0000000000000000 0x0000000000000000
XMM[6]=0x0000000000000000 0xb88974ea44493af1
XMM[7]=0x0000000000000000 0x7390eba55486ab2d
XMM[8]=0x0000000000000000 0xb26e4da91208550c
XMM[9]=0x0000000000000000 0x562e9850538c1d44
XMM[10]=0x0000000000000000 0x00000000fd5d84f4
XMM[11]=0x0000000000000000 0x841d5997d7a976db
XMM[12]=0x0000000000000000 0x00000000538c1d44
XMM[13]=0x0000000000000000 0x0000000047dd4417
XMM[14]=0x0000000000000000 0x4aac018a3952fb25
XMM[15]=0x0000000000000000 0x00000000eea6f99b
  MXCSR=0x00001fa0


Register to memory mapping:

RAX=0xffffffffffffff00 is an unknown value
RBX=0x00000160c39dfe08 points into unknown readable memory: 0x00000007058c3b10 | 10 3b 8c 05 07 00 00 00
RCX=0x00000160c15241c0 points into unknown readable memory: 0x00007ffd0c6c4d38 | 38 4d 6c 0c fd 7f 00 00
RDX=0x00000160c1535fe0 is a thread
RSP=0x00000037e6ffcd98 is pointing into the stack for thread: 0x00000160c1535fe0
RBP=0x0 is null
RSI=0x00000160c15241c0 points into unknown readable memory: 0x00007ffd0c6c4d38 | 38 4d 6c 0c fd 7f 00 00
RDI=0x00000160c39dfe08 points into unknown readable memory: 0x00000007058c3b10 | 10 3b 8c 05 07 00 00 00
R8 =0x00000160c39dfe08 points into unknown readable memory: 0x00000007058c3b10 | 10 3b 8c 05 07 00 00 00
R9 =0x0 is null
R10=0x0000000025440810 is a pointer to class: 
sun.nio.fs.WindowsException {0x0000000025440818}
 - instance size:     6
 - klass size:        83
 - access:            synchronized 
 - flags:             rewritten has_nonstatic_fields defined_by_boot_loader has_localvariable_table 
 - state:             fully_initialized
 - name:              'sun/nio/fs/WindowsException'
 - super:             'java/lang/Exception'
 - sub:               
 - arrays:            null
 - methods:           Array<T>(0x0000000025c41710)
 - method ordering:   Array<T>(0x000000002571f2e0)
 - local interfaces:  Array<T>(0x00000000256a2d40)
 - trans. interfaces: Array<T>(0x000000002577fcc0)
 - secondary supers: Array<T>(0x000000002577fcc0)
 - hash_slot:         48
 - secondary bitmap: 0x0000000100000000
 - constants:         constant pool [111] {0x0000000025c41020} for 'sun/nio/fs/WindowsException' cache=0x0000000025440b00
 - class loader data:  loader data: 0x00000160e42d0a50 of 'bootstrap'
 - source file:       'WindowsException.java'
 - inner classes:     Array<T>(0x00000000256a2d38)
 - nest members:     Array<T>(0x00000000256a2d38)
 - permitted subclasses:     Array<T>(0x00000000256a2d38)
 - java mirror:       a 'java/lang/Class'{0x00000007ffe6f190} = 'sun/nio/fs/WindowsException'
 - vtable length      21  (start addr: 0x00000000254409e8)
 - itable length      2 (start addr: 0x0000000025440a90)
 - ---- static fields (1 words):
 - static final 'serialVersionUID' 'J' @120 
 - ---- non-static fields (8 words):
 - private transient 'depth' 'I' @12 
 - private transient 'backtrace' 'Ljava/lang/Object;' @16 
 - private 'detailMessage' 'Ljava/lang/String;' @20 
 - private 'cause' 'Ljava/lang/Throwable;' @24 
 - private 'stackTrace' '[Ljava/lang/StackTraceElement;' @28 
 - private 'suppressedExceptions' 'Ljava/util/List;' @32 
 - private 'msg' 'Ljava/lang/String;' @36 
 - private 'lastError' 'I' @40 
 - non-static oop maps (1 entries): 16-36 
R11=0x00000037e6ffcf48 is pointing into the stack for thread: 0x00000160c1535fe0
R12=0x00007ffd0c6e5b50 jvm.dll
R13=0x00000160c39dfa08 points into unknown readable memory: 0x0012001100000002 | 02 00 00 00 11 00 12 00
R14=0x00007ffd0c6e5b50 jvm.dll
R15=0x00000160c1535fe0 is a thread

Top of Stack: (sp=0x00000037e6ffcd98)
0x00000037e6ffcd98:   0000000000000000 00007ffd0c2ed616   ................
0x00000037e6ffcda8:   0000000000000002 00000160c39dfa08   ............`...
0x00000037e6ffcdb8:   00000037e6ffcf18 00000000000003d8   ....7...........
0x00000037e6ffcdc8:   00000160c39dfde0 0000000025440e18   ....`.....D%....
0x00000037e6ffcdd8:   00000160c1535fe0 00000160e440a540   ._S.`...@.@.`...
0x00000037e6ffcde8:   0000000025683cd0 00000007058c3b10   .<h%.....;......
0x00000037e6ffcdf8:   0000003700000003 00000160c1535fe0   ....7...._S.`...
0x00000037e6ffce08:   00000037e6ffcfe0 000000000000000a   ....7...........
0x00000037e6ffce18:   0000000000000000 00007ffd0c0a2b27   ........'+......
0x00000037e6ffce28:   00000037e6ffcf18 00000160e4000148   ....7...H...`...
0x00000037e6ffce38:   0000000025440e18 00000037e6ffcdf0   ..D%........7...
0x00000037e6ffce48:   00000037e6ffce31 0000000800000002   1...7...........
0x00000037e6ffce58:   0000684f71a3e5fa 0000000000000000   ...qOh..........
0x00000037e6ffce68:   0000684f71a3e51a 00007ffd0c08c129   ...qOh..).......
0x00000037e6ffce78:   0000000000000202 0000000000000000   ................
0x00000037e6ffce88:   00000160c15fdb20 00000160c1535fe0    ._.`...._S.`...
0x00000037e6ffce98:   00000160c39df9f0 00007ffd0bf3f98c   ....`...........
0x00000037e6ffcea8:   0000000000000000 00000160c39dfe08   ............`...
0x00000037e6ffceb8:   000000000000000a 00000160c39dfe08   ............`...
0x00000037e6ffcec8:   00007ffd0c6e5b50 0000000000000202   P[n.............
0x00000037e6ffced8:   000001600000ffff 0000000000000000   ....`...........
0x00000037e6ffcee8:   00000160c153640e 00007ffd00000000   .dS.`...........
0x00000037e6ffcef8:   00000160c1535fe0 00000037e6ffd078   ._S.`...x...7...
0x00000037e6ffcf08:   00000000e024b1b6 0000000000000000   ..$.............
0x00000037e6ffcf18:   00000160c1535fe0 0000000000000202   ._S.`...........
0x00000037e6ffcf28:   00007ffd0c6e5b50 00007ffd0bf3fe68   P[n.....h.......
0x00000037e6ffcf38:   00000000000003d8 00000007058c3b10   .........;......
0x00000037e6ffcf48:   00000160c1535fe0 00000160c39dfde0   ._S.`.......`...
0x00000037e6ffcf58:   0000000000000000 0000000000000000   ................
0x00000037e6ffcf68:   00000007058c3b10 00007ffd0c09e880   .;..............
0x00000037e6ffcf78:   00000160c1535fe0 00000037e6ffd088   ._S.`.......7...
0x00000037e6ffcf88:   00000160e440a548 0000000000000000   H.@.`...........

Instructions: (pc=0x00007ffd0bf3e9ca)
  0x00007ffd0bf3e8ca:   9f 00 b2 09 b9 78 00 00 00 e8 28 27 d4 ff 48 8b
  0x00007ffd0bf3e8da:   d8 48 85 c0 74 22 44 8b 0d 69 bf 99 00 4c 8d 05
  0x00007ffd0bf3e8ea:   9a 65 78 00 48 8d 15 9b 65 78 00 48 8b c8 e8 23
  0x00007ffd0bf3e8fa:   fb ff ff 4c 89 33 eb 03 48 8b dd 45 33 c0 48 89
  0x00007ffd0bf3e90a:   1d f1 fb 9f 00 b2 09 b9 78 00 00 00 e8 e5 26 d4
  0x00007ffd0bf3e91a:   ff 48 8b d8 48 85 c0 74 3b 44 8b 0d 26 bf 99 00
  0x00007ffd0bf3e92a:   4c 8d 05 77 65 78 00 48 8d 15 78 65 78 00 48 8b
  0x00007ffd0bf3e93a:   c8 e8 e0 fa ff ff 48 8b 6c 24 50 4c 89 33 4c 8b
  0x00007ffd0bf3e94a:   74 24 20 48 89 1d b4 fb 9f 00 48 8b 5c 24 48 48
  0x00007ffd0bf3e95a:   83 c4 38 c3 48 8b 5c 24 48 4c 8b 74 24 20 48 89
  0x00007ffd0bf3e96a:   2d 99 fb 9f 00 48 8b 6c 24 50 48 83 c4 38 c3 cc
  0x00007ffd0bf3e97a:   cc cc cc cc cc cc 40 55 56 57 41 56 41 57 48 81
  0x00007ffd0bf3e98a:   ec e0 00 00 00 48 8b 05 aa ee 9b 00 48 33 c4 48
  0x00007ffd0bf3e99a:   89 84 24 c0 00 00 00 4c 8b b4 24 30 01 00 00 49
  0x00007ffd0bf3e9aa:   8b e9 49 8b f8 4c 8b fa 48 8b f1 e8 16 1f 60 00
  0x00007ffd0bf3e9ba:   84 c0 0f 85 1d 01 00 00 48 89 9c 24 18 01 00 00
=>0x00007ffd0bf3e9ca:   0f 29 b4 24 d0 00 00 00 e8 39 35 42 00 48 8d 5e
  0x00007ffd0bf3e9da:   10 0f 28 f0 48 85 db 74 08 48 8b cb e8 15 28 3f
  0x00007ffd0bf3e9ea:   00 8b 46 68 8b 4e 60 48 63 56 64 3b c1 7d 05 ff
  0x00007ffd0bf3e9fa:   c0 89 46 68 8d 42 01 89 46 64 3b c1 7c 07 c7 46
  0x00007ffd0bf3ea0a:   64 00 00 00 00 48 8b 46 70 41 b8 00 02 00 00 48
  0x00007ffd0bf3ea1a:   69 ca 18 02 00 00 4c 89 7c 01 08 48 8b 46 70 f2
  0x00007ffd0bf3ea2a:   0f 11 34 01 48 8b 56 70 48 8b 54 11 10 48 8d 4c
  0x00007ffd0bf3ea3a:   24 30 e8 9f c1 42 00 48 8d 15 a8 64 78 00 48 8d
  0x00007ffd0bf3ea4a:   4c 24 30 e8 0e d6 42 00 48 8b 0f 48 8d 54 24 30
  0x00007ffd0bf3ea5a:   e8 41 45 41 00 0f 28 b4 24 d0 00 00 00 48 85 ed
  0x00007ffd0bf3ea6a:   74 32 44 8b 84 24 40 01 00 00 45 85 c0 7f 11 49
  0x00007ffd0bf3ea7a:   c7 c0 ff ff ff ff 49 ff c0 41 80 3c 28 00 75 f6
  0x00007ffd0bf3ea8a:   4c 8b cd 48 8d 15 68 64 78 00 48 8d 4c 24 30 e8
  0x00007ffd0bf3ea9a:   c2 d5 42 00 8b 84 24 38 01 00 00 48 8d 15 5c 64
  0x00007ffd0bf3eaaa:   78 00 4c 8b 07 48 8d 4c 24 30 4d 8b ce 89 44 24
  0x00007ffd0bf3eaba:   20 e8 a0 d5 42 00 48 8d 4c 24 30 e8 86 c2 42 00


Stack slot to memory mapping:

stack at sp + 0 slots: 0x0 is null
stack at sp + 1 slots: 0x00007ffd0c2ed616 jvm.dll
stack at sp + 2 slots: 0x0000000000000002 is an unknown value
stack at sp + 3 slots: 0x00000160c39dfa08 points into unknown readable memory: 0x0012001100000002 | 02 00 00 00 11 00 12 00
stack at sp + 4 slots: 0x00000037e6ffcf18 is pointing into the stack for thread: 0x00000160c1535fe0
stack at sp + 5 slots: 0x00000000000003d8 is an unknown value
stack at sp + 6 slots: 0x00000160c39dfde0 points into unknown readable memory: 0x0000000000000000 | 00 00 00 00 00 00 00 00
stack at sp + 7 slots: {method} {0x0000000025440e20} '<init>' '(I)V' in 'sun/nio/fs/WindowsException'

Lock stack of current Java thread (top to bottom):


Compiled method (n/a) 3019 1700     n 0       sun.nio.fs.WindowsNativeDispatcher::GetFileAttributesEx0 (native)
 total in heap  [0x00000160d42b5088,0x00000160d42b52e8] = 608
 main code      [0x00000160d42b5180,0x00000160d42b52e8] = 360
 mutable data [0x00000160e9abe0f0,0x00000160e9abe110] = 32
 relocation     [0x00000160e9abe0f0,0x00000160e9abe110] = 32

[Constant Pool (empty)]


Loading hsdis library failed, undisassembled code is shown in MachCode section
[MachCode]
[Entry Point]
  # {method} {0x0000000025442318} 'GetFileAttributesEx0' '(JJ)V' in 'sun/nio/fs/WindowsNativeDispatcher'
  # parm0:    rdx:rdx   = long
  # parm1:    r8:r8     = long
  #           [sp+0x70]  (sp of caller)
  0x00000160d42b5180: 6690 448b | 5208 443b 

  0x00000160d42b5188: ;   {runtime_call Shared Runtime ic_miss_blob}
  0x00000160d42b5188: 5008 0f85 | 509c 88ff 
[Verified Entry Point]
  0x00000160d42b5190: 8984 2400 | 80ff ff55 | 488b ec48 | 83ec 6090 | 4181 7f20 | 0300 0000 

  0x00000160d42b51a8: ;   {runtime_call Stub::Stub Generator method_entry_barrier_stub}
  0x00000160d42b51a8: 7405 e8d1 | ee86 ff4d | 8bc8 4c8b 

  0x00000160d42b51b4: ;   {oop(a 'java/lang/Class'{0x00000007ffe6a3d0} = 'sun/nio/fs/WindowsNativeDispatcher')}
  0x00000160d42b51b4: c249 bed0 | a3e6 ff07 | 0000 004c | 8974 2450 | 4c8d 7424 | 5049 8bd6 

  0x00000160d42b51cc: ;   {internal_word}
  0x00000160d42b51cc: c5f8 7749 | bacc 512b | d460 0100 | 004d 8997 | 1804 0000 | 4989 a710 | 0400 0049 | 8d8f 3004 
  0x00000160d42b51ec: 0000 41c7 | 87ac 0400 | 0004 0000 

  0x00000160d42b51f8: ;   {runtime_call}
  0x00000160d42b51f8: 0048 b8c8 | 6418 43fd | 7f00 00ff | d0c5 f877 | 41c7 87ac | 0400 0005 | 0000 00f0 | 8344 24c0 
  0x00000160d42b5218: 0049 3b6f | 280f 870e | 0000 0041 | 83bf a804 | 0000 000f | 8423 0000 | 00c5 f877 | 498b cf4c 
  0x00000160d42b5238: 8be4 4883 | ec20 4883 

  0x00000160d42b5240: ;   {runtime_call}
  0x00000160d42b5240: e4f0 48b8 | c020 030c | fd7f 0000 | ffd0 498b | e44d 33e4 | 41c7 87ac | 0400 0008 | 0000 0041 
  0x00000160d42b5260: 83bf 3005 | 0000 020f | 8459 0000 | 0049 c787 | 1004 0000 | 0000 0000 | 49c7 8718 | 0400 0000 
  0x00000160d42b5280: 0000 00c5 | f877 498b | 8f90 0400 | 00c7 8100 | 0100 0000 | 0000 00c9 

  0x00000160d42b5298: ;   {poll_return}
  0x00000160d42b5298: 41f6 4728 

  0x00000160d42b529c: ;   {internal_word}
  0x00000160d42b529c: 0174 1649 | ba98 522b | d460 0100 | 004d 8997 | b804 0000 

  0x00000160d42b52b0: ;   {runtime_call SafepointBlob}
  0x00000160d42b52b0: e9ab bf88 | ff49 837f | 0800 0f85 | 0100 0000 

  0x00000160d42b52c0: ;   {runtime_call Stub::Stub Generator forward_exception_stub}
  0x00000160d42b52c0: c3e9 1ac5 | 83ff c5f8 | 774c 8be4 | 4883 ec20 | 4883 e4f0 

  0x00000160d42b52d4: ;   {runtime_call}
  0x00000160d42b52d4: 48b8 904e | 3e0c fd7f | 0000 ffd0 | 498b e44d | 33e4 eb85 
[/MachCode]


Compiled method (c1) 3022 3593   !   3       sun.nio.fs.WindowsNativeDispatcher::GetFileAttributesEx (50 bytes)
 total in heap  [0x00000160ccc28008,0x00000160ccc28618] = 1552
 main code      [0x00000160ccc28100,0x00000160ccc285b0] = 1200
 stub code      [0x00000160ccc285b0,0x00000160ccc28618] = 104
 mutable data [0x00000160ea619f10,0x00000160ea619fe0] = 208
 relocation     [0x00000160ea619f10,0x00000160ea619fb8] = 168
 metadata       [0x00000160ea619fb8,0x00000160ea619fe0] = 40
 immutable data [0x00000160e9b416f0,0x00000160e9b41914] = 548
 dependencies   [0x00000160e9b416f0,0x00000160e9b41700] = 16
 nul chk table  [0x00000160e9b41700,0x00000160e9b41718] = 24
 handler table  [0x00000160e9b41718,0x00000160e9b41778] = 96
 scopes pcs     [0x00000160e9b41778,0x00000160e9b41858] = 224
 scopes data    [0x00000160e9b41858,0x00000160e9b41910] = 184

[Constant Pool (empty)]


Loading hsdis library failed, undisassembled code is shown in MachCode section
[MachCode]
[Verified Entry Point]
  # {method} {0x0000000025441a30} 'GetFileAttributesEx' '(Ljava/lang/String;J)V' in 'sun/nio/fs/WindowsNativeDispatcher'
  # parm0:    rdx:rdx   = 'java/lang/String'
  # parm1:    r8:r8     = long
  #           [sp+0x80]  (sp of caller)
  0x00000160ccc28100: 8184 2400 | 80ff ff55 | 4883 ec70 | 4181 7f20 | 0300 0000 

  0x00000160ccc28114: ;   {runtime_call Stub::Stub Generator method_entry_barrier_stub}
  0x00000160ccc28114: 7405 e865 

  0x00000160ccc28118: ;   {metadata(method data for {method} {0x0000000025441a30} 'GetFileAttributesEx' '(Ljava/lang/String;J)V' in 'sun/nio/fs/WindowsNativeDispatcher')}
  0x00000160ccc28118: bfef 0648 | be10 2d36 | e560 0100 | 008b be90 | 0000 0083 | c702 89be | 9000 0000 | 81e7 fe07 
  0x00000160ccc28138: 0000 85ff | 0f84 6c03 | 0000 4c89 

  0x00000160ccc28144: ;   {metadata(method data for {method} {0x0000000025441a30} 'GetFileAttributesEx' '(Ljava/lang/String;J)V' in 'sun/nio/fs/WindowsNativeDispatcher')}
  0x00000160ccc28144: 4424 4848 | be10 2d36 | e560 0100 | 0048 8386 | d800 0000 | 0166 0f1f 

  0x00000160ccc2815c: ;   {static_call}
  0x00000160ccc2815c: 4400 00e8 

  0x00000160ccc28160: ; ImmutableOopMap {}
                      ;*invokestatic asNativeBuffer {reexecute=0 rethrow=0 return_oop=0}
                      ; - sun.nio.fs.WindowsNativeDispatcher::GetFileAttributesEx@1 (line 363)
  0x00000160ccc28160: 9c78 8007 

  0x00000160ccc28164: ;   {post_call_nop}
  0x00000160ccc28164: 0f1f 8400 | 5c01 0000 | 4c8b 4424 | 4848 3b00 

  0x00000160ccc28174: ;   {metadata(method data for {method} {0x0000000025441a30} 'GetFileAttributesEx' '(Ljava/lang/String;J)V' in 'sun/nio/fs/WindowsNativeDispatcher')}
  0x00000160ccc28174: 488b d048 | be10 2d36 | e560 0100 

  0x00000160ccc28180: ;   {metadata('sun/nio/fs/NativeBuffer')}
  0x00000160ccc28180: 0049 baf8 | ea43 2500 | 0000 004c | 8996 f000 | 0000 4883 | 86f8 0000 | 0001 488b 

  0x00000160ccc2819c: ;   {metadata(method data for {method} {0x0000000025441a30} 'GetFileAttributesEx' '(Ljava/lang/String;J)V' in 'sun/nio/fs/WindowsNativeDispatcher')}
  0x00000160ccc2819c: 5010 48be | 102d 36e5 | 6001 0000 | 4883 8618 | 0100 0001 | 4889 4424 

  0x00000160ccc281b4: ;   {static_call}
  0x00000160ccc281b4: 5066 90e8 

  0x00000160ccc281b8: ; ImmutableOopMap {[80]=Oop }
                      ;*invokestatic GetFileAttributesEx0 {reexecute=0 rethrow=0 return_oop=0}
                      ; - sun.nio.fs.WindowsNativeDispatcher::GetFileAttributesEx@10 (line 364)
  0x00000160ccc281b8: d4cf 6807 

  0x00000160ccc281bc: ;   {post_call_nop}
  0x00000160ccc281bc: 0f1f 8400 | b401 0001 | 488b 7424 | 5048 85f6 

  0x00000160ccc281cc: ;   {metadata(method data for {method} {0x0000000025441a30} 'GetFileAttributesEx' '(Ljava/lang/String;J)V' in 'sun/nio/fs/WindowsNativeDispatcher')}
  0x00000160ccc281cc: 48b8 102d | 36e5 6001 | 0000 ba28 | 0100 0074 | 05ba 3801 | 0000 488b | 3c10 488d | 7f01 4889 
  0x00000160ccc281ec: 3c10 0f84 | c001 0000 | e900 0100 | 0049 8b87 | 6805 0000 | 4d33 d24d | 8997 6805 | 0000 4d33 
  0x00000160ccc2820c: d24d 8997 | 7005 0000 

  0x00000160ccc28214: ;   {metadata(method data for {method} {0x0000000025441a30} 'GetFileAttributesEx' '(Ljava/lang/String;J)V' in 'sun/nio/fs/WindowsNativeDispatcher')}
  0x00000160ccc28214: 4885 f648 | ba10 2d36 | e560 0100 | 00bf 9001 | 0000 7405 | bfa0 0100 | 0048 8b1c | 3a48 8d5b 
  0x00000160ccc28234: 0148 891c | 3a0f 846a | 0200 0048 | 8944 2458 

  0x00000160ccc28244: ; implicit exception: dispatches to 0x00000160ccc284d4
  0x00000160ccc28244: 483b 0648 

  0x00000160ccc28248: ;   {metadata(method data for {method} {0x0000000025441a30} 'GetFileAttributesEx' '(Ljava/lang/String;J)V' in 'sun/nio/fs/WindowsNativeDispatcher')}
  0x00000160ccc28248: 8bd6 48bf | 102d 36e5 | 6001 0000 

  0x00000160ccc28254: ;   {metadata('sun/nio/fs/NativeBuffer')}
  0x00000160ccc28254: 49ba f8ea | 4325 0000 | 0000 4c89 | 97b8 0100 | 0048 8387 | c001 0000 

  0x00000160ccc2826c: ;   {metadata(method data for {method} {0x000000002543ee50} 'close' '()V' in 'sun/nio/fs/NativeBuffer')}
  0x00000160ccc2826c: 0148 bab8 | 3323 e560 | 0100 008b | ba90 0000 | 0083 c702 | 89ba 9000 | 0000 81e7 | feff 1f00 
  0x00000160ccc2828c: 85ff 0f84 | 4502 0000 

  0x00000160ccc28294: ;   {metadata(method data for {method} {0x000000002543ee50} 'close' '()V' in 'sun/nio/fs/NativeBuffer')}
  0x00000160ccc28294: 488b d648 | bfb8 3323 | e560 0100 | 0048 8387 | e800 0000 

  0x00000160ccc282a8: ;   {metadata(method data for {method} {0x000000002543ef58} 'release' '()V' in 'sun/nio/fs/NativeBuffer')}
  0x00000160ccc282a8: 0148 ba00 | 3523 e560 | 0100 008b | ba90 0000 | 0083 c702 | 89ba 9000 | 0000 81e7 | feff 1f00 
  0x00000160ccc282c8: 85ff 0f84 | 2a02 0000 

  0x00000160ccc282d0: ;   {metadata(method data for {method} {0x000000002543ef58} 'release' '()V' in 'sun/nio/fs/NativeBuffer')}
  0x00000160ccc282d0: 48ba 0035 | 23e5 6001 | 0000 4883 | 82d8 0000 | 0001 488b 

  0x00000160ccc282e4: ;   {static_call}
  0x00000160ccc282e4: d666 90e8 

  0x00000160ccc282e8: ; ImmutableOopMap {[88]=Oop }
                      ;*invokestatic releaseNativeBuffer {reexecute=0 rethrow=0 return_oop=0}
                      ; - sun.nio.fs.NativeBuffer::release@1 (line 70)
                      ; - sun.nio.fs.NativeBuffer::close@1 (line 66)
                      ; - sun.nio.fs.WindowsNativeDispatcher::GetFileAttributesEx@31 (line 363)
  0x00000160ccc282e8: 94fc 7f07 

  0x00000160ccc282ec: ;   {post_call_nop}
  0x00000160ccc282ec: 0f1f 8400 | e402 0002 | e9cb 0000 | 0048 8bc6 

  0x00000160ccc282fc: ;   {metadata(method data for {method} {0x0000000025441a30} 'GetFileAttributesEx' '(Ljava/lang/String;J)V' in 'sun/nio/fs/WindowsNativeDispatcher')}
  0x00000160ccc282fc: 48ba 102d | 36e5 6001 

  0x00000160ccc28304: ;   {metadata('sun/nio/fs/NativeBuffer')}
  0x00000160ccc28304: 0000 49ba | f8ea 4325 | 0000 0000 | 4c89 9250 | 0100 0048 | 8382 5801 

  0x00000160ccc2831c: ;   {metadata(method data for {method} {0x000000002543ee50} 'close' '()V' in 'sun/nio/fs/NativeBuffer')}
  0x00000160ccc2831c: 0000 0148 | bab8 3323 | e560 0100 | 008b ba90 | 0000 0083 | c702 89ba | 9000 0000 | 81e7 feff 
  0x00000160ccc2833c: 1f00 85ff | 0f84 d501 | 0000 488b 

  0x00000160ccc28348: ;   {metadata(method data for {method} {0x000000002543ee50} 'close' '()V' in 'sun/nio/fs/NativeBuffer')}
  0x00000160ccc28348: c648 bab8 | 3323 e560 | 0100 0048 | 8382 e800 

  0x00000160ccc28358: ;   {metadata(method data for {method} {0x000000002543ef58} 'release' '()V' in 'sun/nio/fs/NativeBuffer')}
  0x00000160ccc28358: 0000 0148 | ba00 3523 | e560 0100 | 008b ba90 | 0000 0083 | c702 89ba | 9000 0000 | 81e7 feff 
  0x00000160ccc28378: 1f00 85ff | 0f84 ba01 

  0x00000160ccc28380: ;   {metadata(method data for {method} {0x000000002543ef58} 'release' '()V' in 'sun/nio/fs/NativeBuffer')}
  0x00000160ccc28380: 0000 48ba | 0035 23e5 | 6001 0000 | 4883 82d8 | 0000 0001 

  0x00000160ccc28394: ;   {static_call}
  0x00000160ccc28394: 488b d6e8 

  0x00000160ccc28398: ; ImmutableOopMap {}
                      ;*invokestatic releaseNativeBuffer {reexecute=0 rethrow=0 return_oop=0}
                      ; - sun.nio.fs.NativeBuffer::release@1 (line 70)
                      ; - sun.nio.fs.NativeBuffer::close@1 (line 66)
                      ; - sun.nio.fs.WindowsNativeDispatcher::GetFileAttributesEx@18 (line 365)
  0x00000160ccc28398: e4fb 7f07 

  0x00000160ccc2839c: ;   {post_call_nop}
  0x00000160ccc2839c: 0f1f 8400 | 9403 0003 

  0x00000160ccc283a4: ;   {metadata(method data for {method} {0x0000000025441a30} 'GetFileAttributesEx' '(Ljava/lang/String;J)V' in 'sun/nio/fs/WindowsNativeDispatcher')}
  0x00000160ccc283a4: 48b8 102d | 36e5 6001 | 0000 ff80 | 7801 0000 | 4883 c470 

  0x00000160ccc283b8: ;   {poll_return}
  0x00000160ccc283b8: 5d49 3b67 | 280f 879a | 0100 00c3 

  0x00000160ccc283c4: ;   {metadata(method data for {method} {0x0000000025441a30} 'GetFileAttributesEx' '(Ljava/lang/String;J)V' in 'sun/nio/fs/WindowsNativeDispatcher')}
  0x00000160ccc283c4: 48b8 102d | 36e5 6001 | 0000 ff80 | e001 0000 | 488b 4424 | 58e9 cb00 | 0000 498b | 8768 0500 
  0x00000160ccc283e4: 004d 33d2 | 4d89 9768 | 0500 004d | 33d2 4d89 | 9770 0500 | 004c 8b44 

  0x00000160ccc283fc: ;   {metadata(method data for {method} {0x0000000025441a30} 'GetFileAttributesEx' '(Ljava/lang/String;J)V' in 'sun/nio/fs/WindowsNativeDispatcher')}
  0x00000160ccc283fc: 2458 48ba | 102d 36e5 | 6001 0000 | 458b 4008 | 41ba 0000 | 0025 4d03 | c24c 3b82 | 0002 0000 
  0x00000160ccc2841c: 750d 4883 | 8208 0200 | 0001 e960 | 0000 004c | 3b82 1002 | 0000 750d | 4883 8218 | 0200 0001 
  0x00000160ccc2843c: e94a 0000 | 0048 83ba | 0002 0000 | 0075 174c | 8982 0002 | 0000 48c7 | 8208 0200 | 0001 0000 
  0x00000160ccc2845c: 00e9 2900 | 0000 4883 | ba10 0200 | 0000 7517 | 4c89 8210 | 0200 0048 | c782 1802 | 0000 0100 
  0x00000160ccc2847c: 0000 e908 | 0000 0048 | 8382 f801 | 0000 014c | 8bc0 488b | 5424 580f 

  0x00000160ccc28494: ;   {optimized virtual_call}
  0x00000160ccc28494: 1f40 00e8 

  0x00000160ccc28498: ; ImmutableOopMap {[88]=Oop }
                      ;*invokevirtual addSuppressed {reexecute=0 rethrow=0 return_oop=0}
                      ; - sun.nio.fs.WindowsNativeDispatcher::GetFileAttributesEx@43 (line 363)
  0x00000160ccc28498: 446c f106 

  0x00000160ccc2849c: ;   {post_call_nop}
  0x00000160ccc2849c: 0f1f 8400 | 9404 0004 | 488b 4424 | 58e9 f400 

  0x00000160ccc284ac: ;   {metadata({method} {0x0000000025441a30} 'GetFileAttributesEx' '(Ljava/lang/String;J)V' in 'sun/nio/fs/WindowsNativeDispatcher')}
  0x00000160ccc284ac: 0000 49ba | 281a 4425 | 0000 0000 | 4c89 5424 | 0848 c704 | 24ff ffff 

  0x00000160ccc284c4: ;   {runtime_call C1 Runtime counter_overflow_blob}
  0x00000160ccc284c4: ffe8 968e 

  0x00000160ccc284c8: ; ImmutableOopMap {rdx=Oop }
                      ;*synchronization entry
                      ; - sun.nio.fs.WindowsNativeDispatcher::GetFileAttributesEx@-1 (line 363)
  0x00000160ccc284c8: fe06 e973 

  0x00000160ccc284cc: ;   {runtime_call C1 Runtime throw_null_pointer_exception_blob}
  0x00000160ccc284cc: fcff ffe8 

  0x00000160ccc284d0: ; ImmutableOopMap {rax=Oop }
                      ;*invokevirtual address {reexecute=0 rethrow=0 return_oop=0}
                      ; - sun.nio.fs.WindowsNativeDispatcher::GetFileAttributesEx@6 (line 364)
  0x00000160ccc284d0: 0c37 fe06 

  0x00000160ccc284d4: ;   {runtime_call C1 Runtime throw_null_pointer_exception_blob}
  0x00000160ccc284d4: e807 37fe 

  0x00000160ccc284d8: ; ImmutableOopMap {rsi=Oop [88]=Oop }
                      ;*invokevirtual close {reexecute=0 rethrow=0 return_oop=0}
                      ; - sun.nio.fs.WindowsNativeDispatcher::GetFileAttributesEx@31 (line 363)
                      ;   {metadata({method} {0x000000002543ee50} 'close' '()V' in 'sun/nio/fs/NativeBuffer')}
  0x00000160ccc284d8: 0649 ba48 | ee43 2500 | 0000 004c | 8954 2408 | 48c7 0424 | ffff ffff 

  0x00000160ccc284f0: ;   {runtime_call C1 Runtime counter_overflow_blob}
  0x00000160ccc284f0: e86b 8efe 

  0x00000160ccc284f4: ; ImmutableOopMap {rsi=Oop [88]=Oop }
                      ;*synchronization entry
                      ; - sun.nio.fs.NativeBuffer::close@-1 (line 66)
                      ; - sun.nio.fs.WindowsNativeDispatcher::GetFileAttributesEx@31 (line 363)
  0x00000160ccc284f4: 06e9 9afd 

  0x00000160ccc284f8: ;   {metadata({method} {0x000000002543ef58} 'release' '()V' in 'sun/nio/fs/NativeBuffer')}
  0x00000160ccc284f8: ffff 49ba | 50ef 4325 | 0000 0000 | 4c89 5424 | 0848 c704 | 24ff ffff 

  0x00000160ccc28510: ;   {runtime_call C1 Runtime counter_overflow_blob}
  0x00000160ccc28510: ffe8 4a8e 

  0x00000160ccc28514: ; ImmutableOopMap {rsi=Oop [88]=Oop }
                      ;*synchronization entry
                      ; - sun.nio.fs.NativeBuffer::release@-1 (line 70)
                      ; - sun.nio.fs.NativeBuffer::close@1 (line 66)
                      ; - sun.nio.fs.WindowsNativeDispatcher::GetFileAttributesEx@31 (line 363)
  0x00000160ccc28514: fe06 e9b5 

  0x00000160ccc28518: ;   {metadata({method} {0x000000002543ee50} 'close' '()V' in 'sun/nio/fs/NativeBuffer')}
  0x00000160ccc28518: fdff ff49 | ba48 ee43 | 2500 0000 | 004c 8954 | 2408 48c7 | 0424 ffff 

  0x00000160ccc28530: ;   {runtime_call C1 Runtime counter_overflow_blob}
  0x00000160ccc28530: ffff e829 

  0x00000160ccc28534: ; ImmutableOopMap {rsi=Oop }
                      ;*synchronization entry
                      ; - sun.nio.fs.NativeBuffer::close@-1 (line 66)
                      ; - sun.nio.fs.WindowsNativeDispatcher::GetFileAttributesEx@18 (line 365)
  0x00000160ccc28534: 8efe 06e9 | 0afe ffff 

  0x00000160ccc2853c: ;   {metadata({method} {0x000000002543ef58} 'release' '()V' in 'sun/nio/fs/NativeBuffer')}
  0x00000160ccc2853c: 49ba 50ef | 4325 0000 | 0000 4c89 | 5424 0848 | c704 24ff 

  0x00000160ccc28550: ;   {runtime_call C1 Runtime counter_overflow_blob}
  0x00000160ccc28550: ffff ffe8 

  0x00000160ccc28554: ; ImmutableOopMap {rsi=Oop }
                      ;*synchronization entry
                      ; - sun.nio.fs.NativeBuffer::release@-1 (line 70)
                      ; - sun.nio.fs.NativeBuffer::close@1 (line 66)
                      ; - sun.nio.fs.WindowsNativeDispatcher::GetFileAttributesEx@18 (line 365)
  0x00000160ccc28554: 088e fe06 | e925 feff 

  0x00000160ccc2855c: ;   {internal_word}
  0x00000160ccc2855c: ff49 bab9 | 83c2 cc60 | 0100 004d | 8997 b804 

  0x00000160ccc2856c: ;   {runtime_call SafepointBlob}
  0x00000160ccc2856c: 0000 e9ed | 8cf1 0648 | 8b74 2450 | e97c fcff | ff48 8bf0 | e974 fcff | ff49 8b87 | 6805 0000 
  0x00000160ccc2858c: 49c7 8768 | 0500 0000 | 0000 0049 | c787 7005 | 0000 0000 | 0000 4883 

  0x00000160ccc285a4: ;   {runtime_call C1 Runtime unwind_exception_blob}
  0x00000160ccc285a4: c470 5de9 | 3427 fe06 | f4f4 f4f4 
[Stub Code]
  0x00000160ccc285b0: ;   {static_stub}
  0x00000160ccc285b0: 48bb 0000 | 0000 0000 

  0x00000160ccc285b8: ;   {runtime_call nmethod}
  0x00000160ccc285b8: 0000 e9fb 

  0x00000160ccc285bc: ;   {static_stub}
  0x00000160ccc285bc: ffff ff48 | bb00 0000 | 0000 0000 

  0x00000160ccc285c8: ;   {runtime_call nmethod}
  0x00000160ccc285c8: 00e9 fbff 

  0x00000160ccc285cc: ;   {static_stub}
  0x00000160ccc285cc: ffff 48bb | 0000 0000 | 0000 0000 

  0x00000160ccc285d8: ;   {runtime_call nmethod}
  0x00000160ccc285d8: e9fb ffff 

  0x00000160ccc285dc: ;   {static_stub}
  0x00000160ccc285dc: ff48 bb00 | 0000 0000 

  0x00000160ccc285e4: ;   {runtime_call nmethod}
  0x00000160ccc285e4: 0000 00e9 | fbff ffff 
[Exception Handler]
  0x00000160ccc285ec: ;   {runtime_call C1 Runtime handle_exception_from_callee_blob}
  0x00000160ccc285ec: e86f 57fe 

  0x00000160ccc285f0: ;   {external_word}
  0x00000160ccc285f0: 0648 b918 | 9369 0cfd | 7f00 0048 

  0x00000160ccc285fc: ;   {runtime_call}
  0x00000160ccc285fc: 83e4 f048 | b820 fb2a | 0cfd 7f00 | 00ff d0f4 

  0x00000160ccc2860c: ;   {runtime_call DeoptimizationBlob}
  0x00000160ccc2860c: e84f 8ff1 | 06eb f9f4 | f4f4 f4f4 
[/MachCode]


[error occurred during error reporting (printing code blobs if possible), id 0xc0000005, EXCEPTION_ACCESS_VIOLATION (0xc0000005) at pc=0x00007ffd0bdb0fed]

---------------  P R O C E S S  ---------------

Threads class SMR info:
_java_thread_list=0x00000160e9e69110, length=16, elements={
0x00000160c1535fe0, 0x00000160e441bc00, 0x00000160e441d3c0, 0x00000160e441ff20,
0x00000160e4420b60, 0x00000160e4421310, 0x00000160e4428020, 0x00000160e4438f20,
0x00000160e4463400, 0x00000160e47d3c00, 0x00000160e47dd430, 0x00000160e47f9060,
0x00000160e47e5150, 0x00000160e4837e00, 0x00000160e958d820, 0x00000160e9daef90
}

Java Threads: ( => current thread )
=>0x00000160c1535fe0 JavaThread "main"                              [_thread_in_vm, id=15708, stack(0x00000037e6f00000,0x00000037e7000000) (1024K)]
  0x00000160e441bc00 JavaThread "Reference Handler"          daemon [_thread_blocked, id=22776, stack(0x00000037e7800000,0x00000037e7900000) (1024K)]
  0x00000160e441d3c0 JavaThread "Finalizer"                  daemon [_thread_blocked, id=9292, stack(0x00000037e7900000,0x00000037e7a00000) (1024K)]
  0x00000160e441ff20 JavaThread "Signal Dispatcher"          daemon [_thread_blocked, id=18208, stack(0x00000037e7a00000,0x00000037e7b00000) (1024K)]
  0x00000160e4420b60 JavaThread "Attach Listener"            daemon [_thread_blocked, id=14208, stack(0x00000037e7b00000,0x00000037e7c00000) (1024K)]
  0x00000160e4421310 JavaThread "Service Thread"             daemon [_thread_blocked, id=22636, stack(0x00000037e7c00000,0x00000037e7d00000) (1024K)]
  0x00000160e4428020 JavaThread "Monitor Deflation Thread"   daemon [_thread_blocked, id=22464, stack(0x00000037e7d00000,0x00000037e7e00000) (1024K)]
  0x00000160e4438f20 JavaThread "C2 CompilerThread0"         daemon [_thread_in_native, id=7492, stack(0x00000037e7e00000,0x00000037e7f00000) (1024K)]
  0x00000160e4463400 JavaThread "C1 CompilerThread0"         daemon [_thread_blocked, id=17956, stack(0x00000037e7f00000,0x00000037e8000000) (1024K)]
  0x00000160e47d3c00 JavaThread "C1 CompilerThread1"         daemon [_thread_blocked, id=1936, stack(0x00000037e8000000,0x00000037e8100000) (1024K)]
  0x00000160e47dd430 JavaThread "C1 CompilerThread2"         daemon [_thread_blocked, id=13532, stack(0x00000037e8100000,0x00000037e8200000) (1024K)]
  0x00000160e47f9060 JavaThread "Notification Thread"        daemon [_thread_blocked, id=6988, stack(0x00000037e8200000,0x00000037e8300000) (1024K)]
  0x00000160e47e5150 JavaThread "Common-Cleaner"             daemon [_thread_blocked, id=23300, stack(0x00000037e8300000,0x00000037e8400000) (1024K)]
  0x00000160e4837e00 JavaThread "C2 CompilerThread1"         daemon [_thread_in_native, id=4896, stack(0x00000037e8400000,0x00000037e8500000) (1024K)]
  0x00000160e958d820 JavaThread "C1 CompilerThread3"         daemon [_thread_blocked, id=22824, stack(0x00000037e8600000,0x00000037e8700000) (1024K)]
  0x00000160e9daef90 JavaThread "Thread-1"                   daemon [_thread_blocked, id=17832, stack(0x00000037e8c00000,0x00000037e8d00000) (1024K)]
Total: 16

Other Threads:
  0x00000160e4409690 VMThread "VM Thread"                           [id=19604, stack(0x00000037e7700000,0x00000037e7800000) (1024K)]
  0x00000160c3a4cc80 WatcherThread "VM Periodic Task Thread"        [id=10744, stack(0x00000037e7600000,0x00000037e7700000) (1024K)]
  0x00000160c3a2eea0 WorkerThread "GC Thread#0"                     [id=21512, stack(0x00000037e7000000,0x00000037e7100000) (1024K)]
  0x00000160e9193fe0 WorkerThread "GC Thread#1"                     [id=17076, stack(0x00000037e8500000,0x00000037e8600000) (1024K)]
  0x00000160e9a750d0 WorkerThread "GC Thread#2"                     [id=10296, stack(0x00000037e8700000,0x00000037e8800000) (1024K)]
  0x00000160e9ab6090 WorkerThread "GC Thread#3"                     [id=15756, stack(0x00000037e8800000,0x00000037e8900000) (1024K)]
  0x00000160e9b43e80 WorkerThread "GC Thread#4"                     [id=19424, stack(0x00000037e8900000,0x00000037e8a00000) (1024K)]
  0x00000160e9e8ea90 WorkerThread "GC Thread#5"                     [id=9204, stack(0x00000037e8a00000,0x00000037e8b00000) (1024K)]
  0x00000160e9e8eeb0 WorkerThread "GC Thread#6"                     [id=4288, stack(0x00000037e8b00000,0x00000037e8c00000) (1024K)]
  0x00000160ea181b20 WorkerThread "GC Thread#7"                     [id=6648, stack(0x00000037e8d00000,0x00000037e8e00000) (1024K)]
  0x00000160ea182c60 WorkerThread "GC Thread#8"                     [id=14632, stack(0x00000037e8e00000,0x00000037e8f00000) (1024K)]
  0x00000160ea183950 WorkerThread "GC Thread#9"                     [id=22348, stack(0x00000037e8f00000,0x00000037e9000000) (1024K)]
  0x00000160ea1816d0 WorkerThread "GC Thread#10"                    [id=2172, stack(0x00000037e9000000,0x00000037e9100000) (1024K)]
  0x00000160ea5ad970 WorkerThread "GC Thread#11"                    [id=17884, stack(0x00000037e9100000,0x00000037e9200000) (1024K)]
  0x00000160ea5ae660 WorkerThread "GC Thread#12"                    [id=12608, stack(0x00000037e9200000,0x00000037e9300000) (1024K)]
  0x00000160c3a48120 ConcurrentGCThread "G1 Main Marker"            [id=8204, stack(0x00000037e7100000,0x00000037e7200000) (1024K)]
  0x00000160c3a49810 WorkerThread "G1 Conc#0"                       [id=1396, stack(0x00000037e7200000,0x00000037e7300000) (1024K)]
  0x00000160ea5addc0 WorkerThread "G1 Conc#1"                       [id=14788, stack(0x00000037e9300000,0x00000037e9400000) (1024K)]
  0x00000160ea5abb40 WorkerThread "G1 Conc#2"                       [id=9712, stack(0x00000037e9400000,0x00000037e9500000) (1024K)]
  0x00000160e42c9150 WorkerThread "G1 Refinement Workers#0"         [id=14200, stack(0x00000037e7400000,0x00000037e7500000) (1024K)]
  0x00000160e42c6b80 ConcurrentGCThread "G1 Refine Control"         [id=5240, stack(0x00000037e7300000,0x00000037e7400000) (1024K)]
  0x00000160e42c96c0 ConcurrentGCThread "G1 Service"                [id=13476, stack(0x00000037e7500000,0x00000037e7600000) (1024K)]
Total: 22

Threads with active compile tasks:
C2 CompilerThread0  3031 7096   !   4       com.sun.tools.javac.jvm.ClassReader::classSigToType (530 bytes)
C2 CompilerThread1  3032 6652   !   4       java.nio.file.FileTreeWalker::visit (176 bytes)
Total: 2

VM state: not at safepoint (normal execution)

VM Mutex/Monitor currently owned by a thread: None

Heap address: 0x0000000701200000, size: 4078 MB, Compressed Oops mode: Zero based, Oop shift amount: 3

CDS archive(s) mapped at: [0x0000000025000000-0x0000000025de0000-0x0000000025de0000), size 14548992, SharedBaseAddress: 0x0000000025000000, ArchiveRelocationMode: 1.
Compressed class space mapped at: 0x0000000026000000-0x0000000066000000, reserved size: 1073741824
UseCompressedClassPointers 1, UseCompactObjectHeaders 0
Narrow klass pointer bits 32, Max shift 3
Narrow klass base: 0x0000000025000000, Narrow klass shift: 0
Encoding Range: [0x0000000025000000 - 0x0000000125000000), (4294967296 bytes)
Klass Range:    [0x0000000025000000 - 0x0000000066000000), (1090519040 bytes)
Klass ID Range:  [8 - 1090519033) (1090519025)
Protection zone: [0x0000000025000000 - 0x0000000025010000), (65536 bytes)

GC Precious Log:
 CardTable entry size: 512
 Card Set container configuration: InlinePtr #cards 4 size 8 Array Of Cards #cards 16 size 48 Howl #buckets 8 coarsen threshold 3686 Howl Bitmap #cards 512 size 80 coarsen threshold 460 Card regions per heap region 1 cards per card region 4096
 CPUs: 16 total, 16 available
 Memory: 16306M
 Large Page Support: Disabled
 NUMA Support: Disabled
 Compressed Oops: Enabled (Zero based)
 Heap Region Size: 2M
 Heap Min Capacity: 8M
 Heap Initial Capacity: 8M
 Heap Max Capacity: 4078M
 Pre-touch: Disabled
 Parallel Workers: 13
 Concurrent Workers: 3
 Concurrent Refinement Workers: 13
 Periodic GC: Disabled

Heap:
 garbage-first heap   total reserved 4175872K, committed 79872K, used 39807K [0x0000000701200000, 0x0000000800000000)
  region size 2M, 1 eden (2M), 3 survivor (6M), 15 old (30M), 2 humongous (4M), 18 free (36M)

Heap Regions: E=young(eden), S=young(survivor), O=old, HS=humongous(starts), HC=humongous(continues), CS=collection set, F=free, TAMS=top-at-mark-start, PB=parsable bottom
|    0|0x0000000701200000, 0x0000000701400000, 0x0000000701400000|100%| O|  |TAMS 0x0000000701200000| PB 0x0000000701200000| Untracked |  0
|    1|0x0000000701400000, 0x0000000701600000, 0x0000000701600000|100%| O|  |TAMS 0x0000000701400000| PB 0x0000000701400000| Untracked |  0
|    2|0x0000000701600000, 0x0000000701800000, 0x0000000701800000|100%| O|  |TAMS 0x0000000701600000| PB 0x0000000701600000| Untracked |  0
|    3|0x0000000701800000, 0x0000000701a00000, 0x0000000701a00000|100%| O|  |TAMS 0x0000000701800000| PB 0x0000000701800000| Untracked |  0
|    4|0x0000000701a00000, 0x0000000701a00000, 0x0000000701c00000|  0%| F|  |TAMS 0x0000000701a00000| PB 0x0000000701a00000| Untracked |  0
|    5|0x0000000701c00000, 0x0000000701e00000, 0x0000000701e00000|100%|HS|  |TAMS 0x0000000701c00000| PB 0x0000000701c00000| Complete  |  0
|    6|0x0000000701e00000, 0x0000000702000000, 0x0000000702000000|100%| O|  |TAMS 0x0000000701e00000| PB 0x0000000701e00000| Untracked |  0
|    7|0x0000000702000000, 0x0000000702200000, 0x0000000702200000|100%|HS|  |TAMS 0x0000000702000000| PB 0x0000000702000000| Complete  |  0
|    8|0x0000000702200000, 0x0000000702400000, 0x0000000702400000|100%| O|  |TAMS 0x0000000702200000| PB 0x0000000702200000| Untracked |  0
|    9|0x0000000702400000, 0x0000000702600000, 0x0000000702600000|100%| O|  |TAMS 0x0000000702400000| PB 0x0000000702400000| Untracked |  0
|   10|0x0000000702600000, 0x0000000702800000, 0x0000000702800000|100%| O|  |TAMS 0x0000000702600000| PB 0x0000000702600000| Untracked |  0
|   11|0x0000000702800000, 0x0000000702800000, 0x0000000702a00000|  0%| F|  |TAMS 0x0000000702800000| PB 0x0000000702800000| Untracked |  0
|   12|0x0000000702a00000, 0x0000000702a00000, 0x0000000702c00000|  0%| F|  |TAMS 0x0000000702a00000| PB 0x0000000702a00000| Untracked |  0
|   13|0x0000000702c00000, 0x0000000702c00000, 0x0000000702e00000|  0%| F|  |TAMS 0x0000000702c00000| PB 0x0000000702c00000| Untracked |  0
|   14|0x0000000702e00000, 0x0000000703000000, 0x0000000703000000|100%| O|  |TAMS 0x0000000702e00000| PB 0x0000000702e00000| Untracked |  0
|   15|0x0000000703000000, 0x0000000703200000, 0x0000000703200000|100%| O|  |TAMS 0x0000000703000000| PB 0x0000000703000000| Untracked |  0
|   16|0x0000000703200000, 0x0000000703400000, 0x0000000703400000|100%| O|  |TAMS 0x0000000703200000| PB 0x0000000703200000| Untracked |  0
|   17|0x0000000703400000, 0x00000007035b7df8, 0x0000000703600000| 85%| O|  |TAMS 0x0000000703400000| PB 0x0000000703400000| Untracked |  0
|   18|0x0000000703600000, 0x0000000703800000, 0x0000000703800000|100%| S|CS|TAMS 0x0000000703600000| PB 0x0000000703600000| Complete  |  0
|   19|0x0000000703800000, 0x0000000703a00000, 0x0000000703a00000|100%| S|CS|TAMS 0x0000000703800000| PB 0x0000000703800000| Complete  |  0
|   20|0x0000000703a00000, 0x0000000703c00000, 0x0000000703c00000|100%| S|CS|TAMS 0x0000000703a00000| PB 0x0000000703a00000| Complete  |  0
|   21|0x0000000703c00000, 0x0000000703c00000, 0x0000000703e00000|  0%| F|  |TAMS 0x0000000703c00000| PB 0x0000000703c00000| Untracked |  0
|   22|0x0000000703e00000, 0x0000000703e00000, 0x0000000704000000|  0%| F|  |TAMS 0x0000000703e00000| PB 0x0000000703e00000| Untracked |  0
|   23|0x0000000704000000, 0x0000000704000000, 0x0000000704200000|  0%| F|  |TAMS 0x0000000704000000| PB 0x0000000704000000| Untracked |  0
|   24|0x0000000704200000, 0x0000000704200000, 0x0000000704400000|  0%| F|  |TAMS 0x0000000704200000| PB 0x0000000704200000| Untracked |  0
|   25|0x0000000704400000, 0x0000000704400000, 0x0000000704600000|  0%| F|  |TAMS 0x0000000704400000| PB 0x0000000704400000| Untracked |  0
|   26|0x0000000704600000, 0x0000000704600000, 0x0000000704800000|  0%| F|  |TAMS 0x0000000704600000| PB 0x0000000704600000| Untracked |  0
|   27|0x0000000704800000, 0x0000000704800000, 0x0000000704a00000|  0%| F|  |TAMS 0x0000000704800000| PB 0x0000000704800000| Untracked |  0
|   28|0x0000000704a00000, 0x0000000704a00000, 0x0000000704c00000|  0%| F|  |TAMS 0x0000000704a00000| PB 0x0000000704a00000| Untracked |  0
|   29|0x0000000704c00000, 0x0000000704c00000, 0x0000000704e00000|  0%| F|  |TAMS 0x0000000704c00000| PB 0x0000000704c00000| Untracked |  0
|   30|0x0000000704e00000, 0x0000000704e00000, 0x0000000705000000|  0%| F|  |TAMS 0x0000000704e00000| PB 0x0000000704e00000| Untracked |  0
|   31|0x0000000705000000, 0x0000000705000000, 0x0000000705200000|  0%| F|  |TAMS 0x0000000705000000| PB 0x0000000705000000| Untracked |  0
|   32|0x0000000705200000, 0x0000000705200000, 0x0000000705400000|  0%| F|  |TAMS 0x0000000705200000| PB 0x0000000705200000| Untracked |  0
|   33|0x0000000705400000, 0x0000000705400000, 0x0000000705600000|  0%| F|  |TAMS 0x0000000705400000| PB 0x0000000705400000| Untracked |  0
|   34|0x0000000705600000, 0x0000000705600000, 0x0000000705800000|  0%| F|  |TAMS 0x0000000705600000| PB 0x0000000705600000| Untracked |  0
|   35|0x0000000705800000, 0x0000000705931428, 0x0000000705a00000| 59%| E|CS|TAMS 0x0000000705800000| PB 0x0000000705800000| Complete  |  1
| 2036|0x00000007ffa00000, 0x00000007ffc00000, 0x00000007ffc00000|100%| O|  |TAMS 0x00000007ffa00000| PB 0x00000007ffa00000| Untracked |  0
| 2037|0x00000007ffc00000, 0x00000007ffe00000, 0x00000007ffe00000|100%| O|  |TAMS 0x00000007ffc00000| PB 0x00000007ffc00000| Untracked |  0
| 2038|0x00000007ffe00000, 0x00000007fff27fc0, 0x0000000800000000| 57%| O|  |TAMS 0x00000007ffe00000| PB 0x00000007ffe00000| Untracked |  0

Card table byte_map: [0x00000160dcf30000,0x00000160dd730000] _byte_map_base: 0x00000160d9727000
Refinement table byte_map: [0x00000160dc730000,0x00000160dcf30000] _byte_map_base: 0x00000160d8f27000

Marking Bits: (CMBitMap*) 0x00000160c3a2f620
 Bits: [0x00000160dd730000, 0x00000160e16e8000)

Polling page: 0x00000160c1a10000

Metaspace:
Metaspace        used 27169K, committed 27520K, reserved 1114112K
 class space     used 3188K, committed 3328K, reserved 1048576K

Usage:
  Non-class:     23.42 MB used.
      Class:      3.11 MB used.
       Both:     26.53 MB used.

Virtual space:
  Non-class space:       64.00 MB reserved,      23.62 MB ( 37%) committed,  1 nodes.
      Class space:        1.00 GB reserved,       3.25 MB ( <1%) committed,  1 nodes.
             Both:        1.06 GB reserved,      26.88 MB (  2%) committed. 

Chunk freelists:
   Non-Class:  7.64 MB
       Class:  12.69 MB
        Both:  20.33 MB

MaxMetaspaceSize: unlimited
CompressedClassSpaceSize: 1.00 GB
Initial GC threshold: 21.00 MB
Current GC threshold: 35.75 MB
CDS: on
 - commit_granule_bytes: 65536.
 - commit_granule_words: 8192.
 - virtual_space_node_default_size: 8388608.
 - enlarge_chunks_in_place: 1.
UseCompressedClassPointers 1, UseCompactObjectHeaders 0
Narrow klass pointer bits 32, Max shift 3
Narrow klass base: 0x0000000025000000, Narrow klass shift: 0
Encoding Range: [0x0000000025000000 - 0x0000000125000000), (4294967296 bytes)
Klass Range:    [0x0000000025000000 - 0x0000000066000000), (1090519040 bytes)
Klass ID Range:  [8 - 1090519033) (1090519025)
Protection zone: [0x0000000025000000 - 0x0000000025010000), (65536 bytes)


Internal statistics:

num_allocs_failed_limit: 6.
num_arena_births: 206.
num_arena_deaths: 0.
num_vsnodes_births: 2.
num_vsnodes_deaths: 0.
num_space_committed: 430.
num_space_uncommitted: 0.
num_chunks_returned_to_freelist: 6.
num_chunks_taken_from_freelist: 1211.
num_chunk_merges: 6.
num_chunk_splits: 832.
num_chunks_enlarged: 657.
num_inconsistent_stats: 0.

CodeHeap 'non-profiled nmethods': size=119168Kb used=2444Kb max_used=2444Kb free=116723Kb
 bounds [0x00000160d4240000, 0x00000160d44b0000, 0x00000160db6a0000]
CodeHeap 'profiled nmethods': size=119168Kb used=12492Kb max_used=12492Kb free=106676Kb
 bounds [0x00000160cc690000, 0x00000160cd2d0000, 0x00000160d3af0000]
CodeHeap 'non-nmethods': size=7488Kb used=3133Kb max_used=3239Kb free=4354Kb
 bounds [0x00000160d3af0000, 0x00000160d3e30000, 0x00000160d4240000]
CodeCache: size=245824Kb, used=18069Kb, max_used=18175Kb, free=227753Kb
 total_blobs=7769, nmethods=7212, adapters=457, full_count=0
Compilation: enabled, stopped_count=0, restarted_count=0

Compilation events (20 events):
Event: 2.908 Thread 0x00000160e4463400 7261       2       com.sun.tools.javac.code.Types::erasure (19 bytes)
Event: 2.908 Thread 0x00000160e47dd430 7262       2       com.sun.tools.javac.code.Types::eraseNotNeeded (30 bytes)
Event: 2.909 Thread 0x00000160e47dd430 nmethod 7262 0x00000160cd2c0d88 code [0x00000160cd2c0e80, 0x00000160cd2c1010]
Event: 2.909 Thread 0x00000160e4463400 nmethod 7261 0x00000160cd2c1088 code [0x00000160cd2c1180, 0x00000160cd2c13e0]
Event: 2.924 Thread 0x00000160e4463400 7265   !   2       com.sun.tools.javac.comp.Resolve::findIdent (51 bytes)
Event: 2.924 Thread 0x00000160e47d3c00 7266       2       com.sun.tools.javac.comp.Resolve::findIdentInternal (106 bytes)
Event: 2.924 Thread 0x00000160e958d820 7267       2       com.sun.tools.javac.comp.Resolve::findType (549 bytes)
Event: 2.925 Thread 0x00000160e4463400 nmethod 7265 0x00000160cd2c1408 code [0x00000160cd2c1500, 0x00000160cd2c1848]
Event: 2.925 Thread 0x00000160e47d3c00 nmethod 7266 0x00000160cd2c1888 code [0x00000160cd2c1980, 0x00000160cd2c1dc0]
Event: 2.926 Thread 0x00000160e958d820 nmethod 7267 0x00000160cd2c1e08 code [0x00000160cd2c1f00, 0x00000160cd2c2f90]
Event: 2.926 Thread 0x00000160e4837e00 nmethod 6647 0x00000160d4494908 code [0x00000160d4494a00, 0x00000160d449be00]
Event: 2.927 Thread 0x00000160e4837e00 7229       4       com.sun.tools.javac.code.Scope$ScopeImpl::getIndex (101 bytes)
Event: 2.928 Thread 0x00000160e4837e00 nmethod 7229 0x00000160d449bf08 code [0x00000160d449c000, 0x00000160d449c180]
Event: 2.928 Thread 0x00000160e4837e00 6999       4       com.sun.tools.javac.util.ByteBuffer::getChar (34 bytes)
Event: 2.929 Thread 0x00000160e4837e00 nmethod 6999 0x00000160d449c208 code [0x00000160d449c300, 0x00000160d449c470]
Event: 2.929 Thread 0x00000160e4837e00 7074   !   4       com.sun.tools.javac.jvm.ClassReader::nextChar (40 bytes)
Event: 2.930 Thread 0x00000160e4837e00 nmethod 7074 0x00000160d449c508 code [0x00000160d449c600, 0x00000160d449c7b8]
Event: 2.930 Thread 0x00000160e4837e00 7055       4       com.sun.tools.javac.jvm.PoolReader$ImmutablePoolHelper::checkIndex (63 bytes)
Event: 2.930 Thread 0x00000160e4837e00 nmethod 7055 0x00000160d449c808 code [0x00000160d449c900, 0x00000160d449c9c8]
Event: 2.930 Thread 0x00000160e4837e00 6978       4       java.util.HashMap::getOrDefault (19 bytes)

GC Heap Usage History (20 events):
Event: 0.462 {heap Before GC invocations=5 (full 0):
 garbage-first heap   total reserved 4175872K, committed 28672K, used 16240K [0x0000000701200000, 0x0000000800000000)
  region size 2M, 6 eden (12M), 1 survivor (2M), 2 old (4M), 0 humongous (0M), 5 free (10M)
}
Event: 0.464 {heap After GC invocations=6 (full 0):
 garbage-first heap   total reserved 4175872K, committed 28672K, used 4393K [0x0000000701200000, 0x0000000800000000)
  region size 2M, 0 eden (0M), 1 survivor (2M), 2 old (4M), 0 humongous (0M), 11 free (22M)
}
Event: 0.638 {heap Before GC invocations=6 (full 0):
 garbage-first heap   total reserved 4175872K, committed 28672K, used 18729K [0x0000000701200000, 0x0000000800000000)
  region size 2M, 7 eden (14M), 1 survivor (2M), 2 old (4M), 0 humongous (0M), 4 free (8M)
}
Event: 0.641 {heap After GC invocations=7 (full 0):
 garbage-first heap   total reserved 4175872K, committed 28672K, used 4810K [0x0000000701200000, 0x0000000800000000)
  region size 2M, 0 eden (0M), 1 survivor (2M), 3 old (6M), 0 humongous (0M), 10 free (20M)
}
Event: 0.794 {heap Before GC invocations=7 (full 0):
 garbage-first heap   total reserved 4175872K, committed 28672K, used 17098K [0x0000000701200000, 0x0000000800000000)
  region size 2M, 7 eden (14M), 1 survivor (2M), 3 old (6M), 0 humongous (0M), 3 free (6M)
}
Event: 0.797 {heap After GC invocations=8 (full 0):
 garbage-first heap   total reserved 4175872K, committed 28672K, used 5764K [0x0000000701200000, 0x0000000800000000)
  region size 2M, 0 eden (0M), 1 survivor (2M), 3 old (6M), 0 humongous (0M), 10 free (20M)
}
Event: 0.993 {heap Before GC invocations=8 (full 0):
 garbage-first heap   total reserved 4175872K, committed 28672K, used 20100K [0x0000000701200000, 0x0000000800000000)
  region size 2M, 7 eden (14M), 1 survivor (2M), 3 old (6M), 0 humongous (0M), 3 free (6M)
}
Event: 0.997 {heap After GC invocations=9 (full 0):
 garbage-first heap   total reserved 4175872K, committed 75776K, used 6919K [0x0000000701200000, 0x0000000800000000)
  region size 2M, 0 eden (0M), 1 survivor (2M), 3 old (6M), 0 humongous (0M), 33 free (66M)
}
Event: 1.490 {heap Before GC invocations=9 (full 0):
 garbage-first heap   total reserved 4175872K, committed 75776K, used 47879K [0x0000000701200000, 0x0000000800000000)
  region size 2M, 21 eden (42M), 1 survivor (2M), 3 old (6M), 0 humongous (0M), 12 free (24M)
}
Event: 1.497 {heap After GC invocations=10 (full 0):
 garbage-first heap   total reserved 4175872K, committed 75776K, used 10896K [0x0000000701200000, 0x0000000800000000)
  region size 2M, 0 eden (0M), 3 survivor (6M), 3 old (6M), 0 humongous (0M), 31 free (62M)
}
Event: 1.799 {heap Before GC invocations=10 (full 0):
 garbage-first heap   total reserved 4175872K, committed 75776K, used 49808K [0x0000000701200000, 0x0000000800000000)
  region size 2M, 19 eden (38M), 3 survivor (6M), 3 old (6M), 0 humongous (0M), 12 free (24M)
}
Event: 1.806 {heap After GC invocations=11 (full 0):
 garbage-first heap   total reserved 4175872K, committed 75776K, used 12320K [0x0000000701200000, 0x0000000800000000)
  region size 2M, 0 eden (0M), 1 survivor (2M), 6 old (12M), 0 humongous (0M), 30 free (60M)
}
Event: 2.166 {heap Before GC invocations=11 (full 0):
 garbage-first heap   total reserved 4175872K, committed 75776K, used 55328K [0x0000000701200000, 0x0000000800000000)
  region size 2M, 21 eden (42M), 1 survivor (2M), 6 old (12M), 0 humongous (0M), 9 free (18M)
}
Event: 2.170 {heap After GC invocations=12 (full 0):
 garbage-first heap   total reserved 4175872K, committed 75776K, used 14603K [0x0000000701200000, 0x0000000800000000)
  region size 2M, 0 eden (0M), 2 survivor (4M), 6 old (12M), 0 humongous (0M), 29 free (58M)
}
Event: 2.413 {heap Before GC invocations=12 (full 0):
 garbage-first heap   total reserved 4175872K, committed 75776K, used 30987K [0x0000000701200000, 0x0000000800000000)
  region size 2M, 8 eden (16M), 2 survivor (4M), 6 old (12M), 1 humongous (2M), 20 free (40M)
}
Event: 2.417 {heap After GC invocations=13 (full 0):
 garbage-first heap   total reserved 4175872K, committed 75776K, used 16002K [0x0000000701200000, 0x0000000800000000)
  region size 2M, 0 eden (0M), 2 survivor (4M), 7 old (14M), 0 humongous (0M), 28 free (56M)
}
Event: 2.759 {heap Before GC invocations=14 (full 0):
 garbage-first heap   total reserved 4175872K, committed 75776K, used 59010K [0x0000000701200000, 0x0000000800000000)
  region size 2M, 20 eden (40M), 2 survivor (4M), 7 old (14M), 2 humongous (4M), 6 free (12M)
}
Event: 2.769 {heap After GC invocations=15 (full 0):
 garbage-first heap   total reserved 4175872K, committed 79872K, used 32382K [0x0000000701200000, 0x0000000800000000)
  region size 2M, 0 eden (0M), 3 survivor (6M), 12 old (24M), 2 humongous (4M), 22 free (44M)
}
Event: 2.909 {heap Before GC invocations=15 (full 0):
 garbage-first heap   total reserved 4175872K, committed 79872K, used 63102K [0x0000000701200000, 0x0000000800000000)
  region size 2M, 15 eden (30M), 3 survivor (6M), 12 old (24M), 2 humongous (4M), 7 free (14M)
}
Event: 2.921 {heap After GC invocations=16 (full 0):
 garbage-first heap   total reserved 4175872K, committed 79872K, used 39807K [0x0000000701200000, 0x0000000800000000)
  region size 2M, 0 eden (0M), 3 survivor (6M), 15 old (30M), 2 humongous (4M), 19 free (38M)
}

Metaspace Usage History (20 events):
Event: 0.462 {metaspace Before GC invocations=5 (full 0):
 Metaspace       used 5641K, committed 5760K, reserved 1114112K
  class space    used 682K, committed 768K, reserved 1048576K
}
Event: 0.464 {metaspace After GC invocations=6 (full 0):
 Metaspace       used 5641K, committed 5760K, reserved 1114112K
  class space    used 682K, committed 768K, reserved 1048576K
}
Event: 0.638 {metaspace Before GC invocations=6 (full 0):
 Metaspace       used 6947K, committed 7168K, reserved 1114112K
  class space    used 839K, committed 960K, reserved 1048576K
}
Event: 0.641 {metaspace After GC invocations=7 (full 0):
 Metaspace       used 6947K, committed 7168K, reserved 1114112K
  class space    used 839K, committed 960K, reserved 1048576K
}
Event: 0.794 {metaspace Before GC invocations=7 (full 0):
 Metaspace       used 9156K, committed 9344K, reserved 1114112K
  class space    used 1130K, committed 1216K, reserved 1048576K
}
Event: 0.797 {metaspace After GC invocations=8 (full 0):
 Metaspace       used 9156K, committed 9344K, reserved 1114112K
  class space    used 1130K, committed 1216K, reserved 1048576K
}
Event: 0.993 {metaspace Before GC invocations=8 (full 0):
 Metaspace       used 11670K, committed 11904K, reserved 1114112K
  class space    used 1477K, committed 1600K, reserved 1048576K
}
Event: 0.997 {metaspace After GC invocations=9 (full 0):
 Metaspace       used 11670K, committed 11904K, reserved 1114112K
  class space    used 1477K, committed 1600K, reserved 1048576K
}
Event: 1.490 {metaspace Before GC invocations=9 (full 0):
 Metaspace       used 15676K, committed 15936K, reserved 1114112K
  class space    used 1921K, committed 2048K, reserved 1048576K
}
Event: 1.497 {metaspace After GC invocations=10 (full 0):
 Metaspace       used 15676K, committed 15936K, reserved 1114112K
  class space    used 1921K, committed 2048K, reserved 1048576K
}
Event: 1.799 {metaspace Before GC invocations=10 (full 0):
 Metaspace       used 16157K, committed 16448K, reserved 1114112K
  class space    used 1924K, committed 2048K, reserved 1048576K
}
Event: 1.806 {metaspace After GC invocations=11 (full 0):
 Metaspace       used 16157K, committed 16448K, reserved 1114112K
  class space    used 1924K, committed 2048K, reserved 1048576K
}
Event: 2.166 {metaspace Before GC invocations=11 (full 0):
 Metaspace       used 17699K, committed 17984K, reserved 1114112K
  class space    used 2080K, committed 2240K, reserved 1048576K
}
Event: 2.170 {metaspace After GC invocations=12 (full 0):
 Metaspace       used 17699K, committed 17984K, reserved 1114112K
  class space    used 2080K, committed 2240K, reserved 1048576K
}
Event: 2.413 {metaspace Before GC invocations=12 (full 0):
 Metaspace       used 21223K, committed 21504K, reserved 1114112K
  class space    used 2539K, committed 2624K, reserved 1048576K
}
Event: 2.417 {metaspace After GC invocations=13 (full 0):
 Metaspace       used 21223K, committed 21504K, reserved 1114112K
  class space    used 2539K, committed 2624K, reserved 1048576K
}
Event: 2.759 {metaspace Before GC invocations=14 (full 0):
 Metaspace       used 26479K, committed 26880K, reserved 1114112K
  class space    used 3122K, committed 3328K, reserved 1048576K
}
Event: 2.769 {metaspace After GC invocations=15 (full 0):
 Metaspace       used 26479K, committed 26880K, reserved 1114112K
  class space    used 3122K, committed 3328K, reserved 1048576K
}
Event: 2.909 {metaspace Before GC invocations=15 (full 0):
 Metaspace       used 27153K, committed 27520K, reserved 1114112K
  class space    used 3186K, committed 3328K, reserved 1048576K
}
Event: 2.921 {metaspace After GC invocations=16 (full 0):
 Metaspace       used 27153K, committed 27520K, reserved 1114112K
  class space    used 3186K, committed 3328K, reserved 1048576K
}

Dll operation events (14 events):
Event: 0.006 Attempting to load shared library C:\Users\stasi\.jdks\openjdk-26.0.2\bin\java.dll
Event: 0.007 Loaded shared library C:\Users\stasi\.jdks\openjdk-26.0.2\bin\java.dll
Event: 0.031 Attempting to load shared library C:\Users\stasi\.jdks\openjdk-26.0.2\bin\net.dll
Event: 0.031 Loaded shared library C:\Users\stasi\.jdks\openjdk-26.0.2\bin\net.dll
Event: 0.032 Attempting to load shared library C:\Users\stasi\.jdks\openjdk-26.0.2\bin\nio.dll
Event: 0.033 Loaded shared library C:\Users\stasi\.jdks\openjdk-26.0.2\bin\nio.dll
Event: 0.035 Attempting to load shared library C:\Users\stasi\.jdks\openjdk-26.0.2\bin\zip.dll
Event: 0.035 Loaded shared library C:\Users\stasi\.jdks\openjdk-26.0.2\bin\zip.dll
Event: 0.136 Attempting to load shared library D:\Nowy folder (2)\IntelliJ IDEA 2026.2.0.1\plugins\maven-plugin\lib\maven3\lib\jansi-native\Windows\x86_64\jansi.dll
Event: 0.136 Attempting to load shared library C:\Users\stasi\.jdks\openjdk-26.0.2\bin\jimage.dll
Event: 0.136 Loaded shared library C:\Users\stasi\.jdks\openjdk-26.0.2\bin\jimage.dll
Event: 0.136 Loaded shared library D:\Nowy folder (2)\IntelliJ IDEA 2026.2.0.1\plugins\maven-plugin\lib\maven3\lib\jansi-native\Windows\x86_64\jansi.dll
Event: 0.144 Attempting to load shared library C:\Users\stasi\.jdks\openjdk-26.0.2\bin\verify.dll
Event: 0.144 Loaded shared library C:\Users\stasi\.jdks\openjdk-26.0.2\bin\verify.dll

Deoptimization events (20 events):
Event: 2.786 Thread 0x00000160c1535fe0 Uncommon trap: trap_request=0xfffffff4 fr.pc=0x00000160d446917c relative=0x000000000000077c
Event: 2.786 Thread 0x00000160c1535fe0 Uncommon trap: reason=null_check action=make_not_entrant pc=0x00000160d446917c method=com.sun.tools.javac.util.UnsharedNameTable.fromValidUtf([BII)Lcom/sun/tools/javac/util/Name; @ 42 c2
Event: 2.786 Thread 0x00000160c1535fe0 DEOPT PACKING pc=0x00000160d446917c sp=0x00000037e6ffd6e0
Event: 2.786 Thread 0x00000160c1535fe0 DEOPT UNPACKING pc=0x00000160d3c14102 sp=0x00000037e6ffd698 mode 2
Event: 2.795 Thread 0x00000160c1535fe0 DEOPT PACKING pc=0x00000160cd097fc3 sp=0x00000037e6ffd330
Event: 2.795 Thread 0x00000160c1535fe0 DEOPT UNPACKING pc=0x00000160d3b41a02 sp=0x00000037e6ffc7a0 mode 0
Event: 2.795 Thread 0x00000160c1535fe0 DEOPT PACKING pc=0x00000160cd094f4e sp=0x00000037e6ffd4c0
Event: 2.795 Thread 0x00000160c1535fe0 DEOPT UNPACKING pc=0x00000160d3b41a02 sp=0x00000037e6ffc948 mode 0
Event: 2.796 Thread 0x00000160c1535fe0 DEOPT PACKING pc=0x00000160cd094f4e sp=0x00000037e6ffd4c0
Event: 2.796 Thread 0x00000160c1535fe0 DEOPT UNPACKING pc=0x00000160d3b41a02 sp=0x00000037e6ffc948 mode 0
Event: 2.797 Thread 0x00000160c1535fe0 DEOPT PACKING pc=0x00000160cd097fc3 sp=0x00000037e6ffd2e0
Event: 2.797 Thread 0x00000160c1535fe0 DEOPT UNPACKING pc=0x00000160d3b41a02 sp=0x00000037e6ffc750 mode 0
Event: 2.797 Thread 0x00000160c1535fe0 DEOPT PACKING pc=0x00000160cd094f4e sp=0x00000037e6ffd4c0
Event: 2.797 Thread 0x00000160c1535fe0 DEOPT UNPACKING pc=0x00000160d3b41a02 sp=0x00000037e6ffc948 mode 0
Event: 2.798 Thread 0x00000160c1535fe0 DEOPT PACKING pc=0x00000160cd094f4e sp=0x00000037e6ffd4c0
Event: 2.798 Thread 0x00000160c1535fe0 DEOPT UNPACKING pc=0x00000160d3b41a02 sp=0x00000037e6ffc948 mode 0
Event: 2.798 Thread 0x00000160c1535fe0 DEOPT PACKING pc=0x00000160cd097fc3 sp=0x00000037e6ffd2d0
Event: 2.798 Thread 0x00000160c1535fe0 DEOPT UNPACKING pc=0x00000160d3b41a02 sp=0x00000037e6ffc740 mode 0
Event: 2.844 Thread 0x00000160c1535fe0 DEOPT PACKING pc=0x00000160cd229d7d sp=0x00000037e6ffc870
Event: 2.844 Thread 0x00000160c1535fe0 DEOPT UNPACKING pc=0x00000160d3b41a02 sp=0x00000037e6ffbda8 mode 0

Classes loaded (20 events):
Event: 2.644 Loading class java/nio/file/DirectoryIteratorException
Event: 2.644 Loading class java/nio/file/DirectoryIteratorException done
Event: 2.644 Loading class java/nio/file/Files$3
Event: 2.644 Loading class java/nio/file/Files$3 done
Event: 2.644 Loading class java/nio/file/FileVisitResult
Event: 2.644 Loading class java/nio/file/FileVisitResult done
Event: 2.644 Loading class sun/nio/fs/BasicFileAttributesHolder
Event: 2.644 Loading class sun/nio/fs/BasicFileAttributesHolder done
Event: 2.664 Loading class java/time/temporal/TemporalAdjusters
Event: 2.664 Loading class java/time/temporal/TemporalAdjusters done
Event: 2.697 Loading class java/util/concurrent/locks/AbstractQueuedLongSynchronizer$Node
Event: 2.697 Loading class java/util/concurrent/locks/AbstractQueuedLongSynchronizer$Node done
Event: 2.783 Loading class java/nio/file/Files$2
Event: 2.783 Loading class java/nio/file/Files$2 done
Event: 2.784 Loading class sun/nio/fs/WindowsPath$WindowsPathWithAttributes
Event: 2.784 Loading class sun/nio/fs/WindowsPath$WindowsPathWithAttributes done
Event: 2.801 Loading class java/nio/file/FileTreeWalker$1
Event: 2.802 Loading class java/nio/file/FileTreeWalker$1 done
Event: 2.864 Loading class java/lang/runtime/ExactConversionsSupport
Event: 2.864 Loading class java/lang/runtime/ExactConversionsSupport done

Classes unloaded (0 events):
No events

Classes redefined (0 events):
No events

Internal exceptions (20 events):
Event: 2.882 Thread 0x00000160c1535fe0 Exception <a 'sun/nio/fs/WindowsException'{0x0000000704231900}> (0x0000000704231900) 
thrown [s\open\src\hotspot\share\prims\jni.cpp, line 514]
Event: 2.882 Thread 0x00000160c1535fe0 Exception <a 'sun/nio/fs/WindowsException'{0x0000000704247858}> (0x0000000704247858) 
thrown [s\open\src\hotspot\share\prims\jni.cpp, line 514]
Event: 2.882 Thread 0x00000160c1535fe0 Exception <a 'sun/nio/fs/WindowsException'{0x0000000704282080}> (0x0000000704282080) 
thrown [s\open\src\hotspot\share\prims\jni.cpp, line 514]
Event: 2.882 Thread 0x00000160c1535fe0 Exception <a 'sun/nio/fs/WindowsException'{0x0000000704282cf8}> (0x0000000704282cf8) 
thrown [s\open\src\hotspot\share\prims\jni.cpp, line 514]
Event: 2.887 Thread 0x00000160c1535fe0 Exception <a 'sun/nio/fs/WindowsException'{0x00000007043a3400}> (0x00000007043a3400) 
thrown [s\open\src\hotspot\share\prims\jni.cpp, line 514]
Event: 2.887 Thread 0x00000160c1535fe0 Exception <a 'sun/nio/fs/WindowsException'{0x00000007043a8a28}> (0x00000007043a8a28) 
thrown [s\open\src\hotspot\share\prims\jni.cpp, line 514]
Event: 2.887 Thread 0x00000160c1535fe0 Exception <a 'sun/nio/fs/WindowsException'{0x00000007043b3f28}> (0x00000007043b3f28) 
thrown [s\open\src\hotspot\share\prims\jni.cpp, line 514]
Event: 2.887 Thread 0x00000160c1535fe0 Exception <a 'sun/nio/fs/WindowsException'{0x00000007043b48d8}> (0x00000007043b48d8) 
thrown [s\open\src\hotspot\share\prims\jni.cpp, line 514]
Event: 2.888 Thread 0x00000160c1535fe0 Exception <a 'sun/nio/fs/WindowsException'{0x0000000704013dc0}> (0x0000000704013dc0) 
thrown [s\open\src\hotspot\share\prims\jni.cpp, line 514]
Event: 2.889 Thread 0x00000160c1535fe0 Exception <a 'sun/nio/fs/WindowsException'{0x0000000704014e40}> (0x0000000704014e40) 
thrown [s\open\src\hotspot\share\prims\jni.cpp, line 514]
Event: 2.889 Thread 0x00000160c1535fe0 Exception <a 'sun/nio/fs/WindowsException'{0x0000000704015bb0}> (0x0000000704015bb0) 
thrown [s\open\src\hotspot\share\prims\jni.cpp, line 514]
Event: 2.889 Thread 0x00000160c1535fe0 Exception <a 'sun/nio/fs/WindowsException'{0x00000007040167f0}> (0x00000007040167f0) 
thrown [s\open\src\hotspot\share\prims\jni.cpp, line 514]
Event: 2.889 Thread 0x00000160c1535fe0 Exception <a 'sun/nio/fs/WindowsException'{0x0000000704018210}> (0x0000000704018210) 
thrown [s\open\src\hotspot\share\prims\jni.cpp, line 514]
Event: 2.889 Thread 0x00000160c1535fe0 Exception <a 'sun/nio/fs/WindowsException'{0x00000007040204d8}> (0x00000007040204d8) 
thrown [s\open\src\hotspot\share\prims\jni.cpp, line 514]
Event: 2.889 Thread 0x00000160c1535fe0 Exception <a 'sun/nio/fs/WindowsException'{0x0000000704032cd0}> (0x0000000704032cd0) 
thrown [s\open\src\hotspot\share\prims\jni.cpp, line 514]
Event: 2.889 Thread 0x00000160c1535fe0 Exception <a 'sun/nio/fs/WindowsException'{0x00000007040336b8}> (0x00000007040336b8) 
thrown [s\open\src\hotspot\share\prims\jni.cpp, line 514]
Event: 2.899 Thread 0x00000160c1535fe0 Exception <a 'sun/nio/fs/WindowsException'{0x0000000703f639d8}> (0x0000000703f639d8) 
thrown [s\open\src\hotspot\share\prims\jni.cpp, line 514]
Event: 2.899 Thread 0x00000160c1535fe0 Exception <a 'sun/nio/fs/WindowsException'{0x0000000703f67d90}> (0x0000000703f67d90) 
thrown [s\open\src\hotspot\share\prims\jni.cpp, line 514]
Event: 2.899 Thread 0x00000160c1535fe0 Exception <a 'sun/nio/fs/WindowsException'{0x0000000703f70a98}> (0x0000000703f70a98) 
thrown [s\open\src\hotspot\share\prims\jni.cpp, line 514]
Event: 2.899 Thread 0x00000160c1535fe0 Exception <a 'sun/nio/fs/WindowsException'{0x0000000703f719e0}> (0x0000000703f719e0) 
thrown [s\open\src\hotspot\share\prims\jni.cpp, line 514]

VM Operations (20 events):
Event: 2.490 Executing non-safepoint VM operation: HandshakeAllThreads (Deoptimize)
Event: 2.490 Executing non-safepoint VM operation: HandshakeAllThreads (Deoptimize) done
Event: 2.501 Executing non-safepoint VM operation: HandshakeAllThreads (Deoptimize)
Event: 2.501 Executing non-safepoint VM operation: HandshakeAllThreads (Deoptimize) done
Event: 2.502 Executing non-safepoint VM operation: HandshakeAllThreads (Deoptimize)
Event: 2.502 Executing non-safepoint VM operation: HandshakeAllThreads (Deoptimize) done
Event: 2.604 Executing non-safepoint VM operation: HandshakeAllThreads (Deoptimize)
Event: 2.604 Executing non-safepoint VM operation: HandshakeAllThreads (Deoptimize) done
Event: 2.605 Executing non-safepoint VM operation: HandshakeAllThreads (Deoptimize)
Event: 2.605 Executing non-safepoint VM operation: HandshakeAllThreads (Deoptimize) done
Event: 2.608 Executing non-safepoint VM operation: HandshakeAllThreads (Deoptimize)
Event: 2.608 Executing non-safepoint VM operation: HandshakeAllThreads (Deoptimize) done
Event: 2.642 Executing non-safepoint VM operation: HandshakeAllThreads (Deoptimize)
Event: 2.642 Executing non-safepoint VM operation: HandshakeAllThreads (Deoptimize) done
Event: 2.759 Executing safepoint VM operation: G1CollectForAllocation (G1 Evacuation Pause)
Event: 2.769 Executing safepoint VM operation: G1CollectForAllocation (G1 Evacuation Pause) done
Event: 2.785 Executing non-safepoint VM operation: HandshakeAllThreads (Deoptimize)
Event: 2.785 Executing non-safepoint VM operation: HandshakeAllThreads (Deoptimize) done
Event: 2.909 Executing safepoint VM operation: G1CollectForAllocation (G1 Evacuation Pause)
Event: 2.921 Executing safepoint VM operation: G1CollectForAllocation (G1 Evacuation Pause) done

Memory protections (0 events):
No events

Nmethod flushes (0 events):
No events

Events (20 events):
Event: 0.017 Thread 0x00000160c1535fe0 JVMTI - enter early start phase
Event: 0.023 Thread 0x00000160c1535fe0 Thread added: 0x00000160e441bc00
Event: 0.023 Thread 0x00000160c1535fe0 Thread added: 0x00000160e441d3c0
Event: 0.023 Thread 0x00000160c1535fe0 Thread added: 0x00000160e441ff20
Event: 0.023 Thread 0x00000160c1535fe0 Thread added: 0x00000160e4420b60
Event: 0.023 Thread 0x00000160c1535fe0 Thread added: 0x00000160e4421310
Event: 0.023 Thread 0x00000160c1535fe0 Thread added: 0x00000160e4428020
Event: 0.023 Thread 0x00000160c1535fe0 Thread added: 0x00000160e4438f20
Event: 0.023 Thread 0x00000160c1535fe0 Thread added: 0x00000160e4463400
Event: 0.026 Thread 0x00000160e4463400 Thread added: 0x00000160e47d3c00
Event: 0.027 Thread 0x00000160e4438f20 Thread added: 0x00000160e47dd430
Event: 0.028 Thread 0x00000160c1535fe0 JVMTI - enter start phase
Event: 0.028 Thread 0x00000160c1535fe0 JVMTI - enter live phase
Event: 0.028 Thread 0x00000160c1535fe0 Thread added: 0x00000160e47f9060
Event: 0.029 Thread 0x00000160c1535fe0 Thread added: 0x00000160e47e5150
Event: 0.055 Thread 0x00000160e47dd430 Thread added: 0x00000160e4837e00
Event: 0.134 Thread 0x00000160c1535fe0 Thread added: 0x00000160e4981350
Event: 0.141 Thread 0x00000160e4981350 Thread exited: 0x00000160e4981350
Event: 0.269 Thread 0x00000160e4463400 Thread added: 0x00000160e958d820
Event: 1.110 Thread 0x00000160c1535fe0 Thread added: 0x00000160e9daef90


Dynamic libraries:
0x00007ff77e140000 - 0x00007ff77e14e000 	C:\Users\stasi\.jdks\openjdk-26.0.2\bin\java.exe
0x00007ffd6cfc0000 - 0x00007ffd6d226000 	C:\WINDOWS\SYSTEM32\ntdll.dll
0x00007ffd6b070000 - 0x00007ffd6b139000 	C:\WINDOWS\System32\KERNEL32.DLL
0x00007ffd6a2a0000 - 0x00007ffd6a69e000 	C:\WINDOWS\System32\KERNELBASE.dll
0x00007ffd6a870000 - 0x00007ffd6a9bc000 	C:\WINDOWS\System32\ucrtbase.dll
0x00007ffd4c350000 - 0x00007ffd4c367000 	C:\Users\stasi\.jdks\openjdk-26.0.2\bin\jli.dll
0x00007ffd49a30000 - 0x00007ffd49a4e000 	C:\Users\stasi\.jdks\openjdk-26.0.2\bin\VCRUNTIME140.dll
0x00007ffd6b2c0000 - 0x00007ffd6b487000 	C:\WINDOWS\System32\USER32.dll
0x00007ffd6ac00000 - 0x00007ffd6ac27000 	C:\WINDOWS\System32\win32u.dll
0x00007ffd576f0000 - 0x00007ffd57982000 	C:\WINDOWS\WinSxS\amd64_microsoft.windows.common-controls_6595b64144ccf1df_6.0.26100.8875_none_3e0d5d42e32fe9dd\COMCTL32.dll
0x00007ffd6b290000 - 0x00007ffd6b2bb000 	C:\WINDOWS\System32\GDI32.dll
0x00007ffd6a6b0000 - 0x00007ffd6a7da000 	C:\WINDOWS\System32\gdi32full.dll
0x00007ffd6af40000 - 0x00007ffd6afe9000 	C:\WINDOWS\System32\msvcrt.dll
0x00007ffd6ab50000 - 0x00007ffd6abf3000 	C:\WINDOWS\System32\msvcp_win.dll
0x00007ffd6af00000 - 0x00007ffd6af32000 	C:\WINDOWS\System32\IMM32.DLL
0x00007ffd66f70000 - 0x00007ffd66f7c000 	C:\Users\stasi\.jdks\openjdk-26.0.2\bin\vcruntime140_1.dll
0x00007ffd43e60000 - 0x00007ffd43eed000 	C:\Users\stasi\.jdks\openjdk-26.0.2\bin\msvcp140.dll
0x00007ffd0bb90000 - 0x00007ffd0ca61000 	C:\Users\stasi\.jdks\openjdk-26.0.2\bin\server\jvm.dll
0x00007ffd6b140000 - 0x00007ffd6b1f7000 	C:\WINDOWS\System32\ADVAPI32.dll
0x00007ffd6c7b0000 - 0x00007ffd6c85a000 	C:\WINDOWS\System32\sechost.dll
0x00007ffd6c400000 - 0x00007ffd6c518000 	C:\WINDOWS\System32\RPCRT4.dll
0x00007ffd6cef0000 - 0x00007ffd6cf70000 	C:\WINDOWS\System32\WS2_32.dll
0x00007ffd69db0000 - 0x00007ffd69e0e000 	C:\WINDOWS\SYSTEM32\POWRPROF.dll
0x00007ffd61ee0000 - 0x00007ffd61f16000 	C:\WINDOWS\SYSTEM32\WINMM.dll
0x00007ffd61f20000 - 0x00007ffd61f2b000 	C:\WINDOWS\SYSTEM32\VERSION.dll
0x00007ffd69d90000 - 0x00007ffd69da4000 	C:\WINDOWS\SYSTEM32\UMPDC.dll
0x00007ffd68e80000 - 0x00007ffd68e9b000 	C:\WINDOWS\SYSTEM32\kernel.appcore.dll
0x00007ffd59e10000 - 0x00007ffd59e1a000 	C:\Users\stasi\.jdks\openjdk-26.0.2\bin\jimage.dll
0x00007ffd5ec00000 - 0x00007ffd5ee42000 	C:\WINDOWS\SYSTEM32\DBGHELP.DLL
0x00007ffd6c970000 - 0x00007ffd6ccf3000 	C:\WINDOWS\System32\combase.dll
0x00007ffd6b490000 - 0x00007ffd6b569000 	C:\WINDOWS\System32\OLEAUT32.dll
0x00007ffd54250000 - 0x00007ffd5428b000 	C:\WINDOWS\SYSTEM32\dbgcore.DLL
0x00007ffd6a1e0000 - 0x00007ffd6a28c000 	C:\WINDOWS\System32\bcryptPrimitives.dll
0x00007ffd49a10000 - 0x00007ffd49a2f000 	C:\Users\stasi\.jdks\openjdk-26.0.2\bin\java.dll
0x00007ffd6c520000 - 0x00007ffd6c6b9000 	C:\WINDOWS\System32\ole32.dll
0x00007ffd6ba20000 - 0x00007ffd6c1b2000 	C:\WINDOWS\System32\SHELL32.dll
0x00007ffd67c60000 - 0x00007ffd684f2000 	C:\WINDOWS\SYSTEM32\windows.storage.dll
0x00007ffd6c870000 - 0x00007ffd6c967000 	C:\WINDOWS\System32\SHCORE.dll
0x00007ffd6c390000 - 0x00007ffd6c3f7000 	C:\WINDOWS\System32\shlwapi.dll
0x00007ffd6a100000 - 0x00007ffd6a129000 	C:\WINDOWS\SYSTEM32\profapi.dll
0x00007ffd43280000 - 0x00007ffd43292000 	C:\Users\stasi\.jdks\openjdk-26.0.2\bin\net.dll
0x00007ffd69410000 - 0x00007ffd6947c000 	C:\WINDOWS\system32\mswsock.dll
0x00007ffd43180000 - 0x00007ffd43196000 	C:\Users\stasi\.jdks\openjdk-26.0.2\bin\nio.dll
0x00007ffd41b20000 - 0x00007ffd41b36000 	C:\Users\stasi\.jdks\openjdk-26.0.2\bin\zip.dll
0x00007ffd3b060000 - 0x00007ffd3b084000 	D:\Nowy folder (2)\IntelliJ IDEA 2026.2.0.1\plugins\maven-plugin\lib\maven3\lib\jansi-native\Windows\x86_64\jansi.dll
0x00007ffd4c340000 - 0x00007ffd4c350000 	C:\Users\stasi\.jdks\openjdk-26.0.2\bin\verify.dll

JVMTI agents: none

dbghelp: loaded successfully - version: 4.0.5 - missing functions: none
symbol engine: initialized successfully - sym options: 0x614 - pdb path: .;C:\Users\stasi\.jdks\openjdk-26.0.2\bin;C:\WINDOWS\SYSTEM32;C:\WINDOWS\WinSxS\amd64_microsoft.windows.common-controls_6595b64144ccf1df_6.0.26100.8875_none_3e0d5d42e32fe9dd;C:\Users\stasi\.jdks\openjdk-26.0.2\bin\server;D:\Nowy folder (2)\IntelliJ IDEA 2026.2.0.1\plugins\maven-plugin\lib\maven3\lib\jansi-native\Windows\x86_64

VM Arguments:
jvm_args: --enable-native-access=ALL-UNNAMED -Dfile.encoding=UTF-8 -Dclassworlds.conf=D:\Nowy folder (2)\IntelliJ IDEA 2026.2.0.1\plugins\maven-plugin\lib\maven3\bin\m2.conf -Dmaven.home=D:\Nowy folder (2)\IntelliJ IDEA 2026.2.0.1\plugins\maven-plugin\lib\maven3 -Dlibrary.jansi.path=D:\Nowy folder (2)\IntelliJ IDEA 2026.2.0.1\plugins\maven-plugin\lib\maven3\lib\jansi-native -Dmaven.multiModuleProjectDirectory=C:\Users\stasi\IdeaProjects\Mainplugins 
java_command: org.codehaus.plexus.classworlds.launcher.Launcher -Didea.version=2026.2.0.1 -Dmaven.ext.class.path=D:\Nowy folder (2)\IntelliJ IDEA 2026.2.0.1\plugins\maven-plugin\lib\intellij.maven.rt\maven-event-listener.jar -Djansi.passthrough=true -Dstyle.color=always -Dmaven.repo.local=C:\Users\stasi\.m2\repository package -f pom.xml
java_class_path (initial): D:\Nowy folder (2)\IntelliJ IDEA 2026.2.0.1\plugins\maven-plugin\lib\maven3\boot\plexus-classworlds-2.11.0.jar
Launcher Type: SUN_STANDARD

[Global flags]
     bool AOTAdapterCaching                        = false                                  {diagnostic} {ergonomic}
     bool AOTInvokeDynamicLinking                  = false                                  {diagnostic} {ergonomic}
     bool AOTRecordTraining                        = false                                  {diagnostic} {ergonomic}
     bool AOTReplayTraining                        = false                                  {diagnostic} {ergonomic}
     bool AOTStubCaching                           = false                                  {diagnostic} {ergonomic}
     intx CICompilerCount                          = 12                                        {product} {ergonomic}
     uint ConcGCThreads                            = 3                                         {product} {ergonomic}
     uint G1ConcRefinementThreads                  = 13                                        {product} {ergonomic}
     uint G1EagerReclaimRemSetThreshold            = 16                                   {experimental} {ergonomic}
   size_t G1HeapRegionSize                         = 2097152                                   {product} {ergonomic}
     uint G1RemSetArrayOfCardsEntries              = 16                                   {experimental} {ergonomic}
     uint G1RemSetHowlMaxNumBuckets                = 8                                    {experimental} {ergonomic}
     uint G1RemSetHowlNumBuckets                   = 8                                    {experimental} {ergonomic}
   size_t InitialHeapSize                          = 8388608                                   {product} {ergonomic}
     bool IntelJccErratumMitigation                = false                             {ARCH diagnostic} {ergonomic}
   size_t MarkStackSize                            = 4194304                                   {product} {ergonomic}
   size_t MarkStackSizeMax                         = 536870912                                 {product} {ergonomic}
   size_t MaxHeapSize                              = 4276092928                                {product} {ergonomic}
   size_t MaxNewSize                               = 2564816896                                {product} {ergonomic}
 uint64_t MaxRAM                                   = 17098555392                               {product} {ergonomic}
   size_t MinHeapDeltaBytes                        = 2097152                                   {product} {ergonomic}
   size_t MinHeapSize                              = 8388608                                   {product} {ergonomic}
   size_t NonNMethodCodeHeapSize                   = 7667712                                {pd product} {ergonomic}
   size_t NonProfiledCodeHeapSize                  = 122028032                              {pd product} {ergonomic}
   size_t ProfiledCodeHeapSize                     = 122028032                              {pd product} {ergonomic}
   size_t ReservedCodeCacheSize                    = 251723776                              {pd product} {ergonomic}
     bool SegmentedCodeCache                       = true                                      {product} {ergonomic}
   size_t SoftMaxHeapSize                          = 4276092928                             {manageable} {ergonomic}
     bool UseCompressedOops                        = true                           {product lp64_product} {ergonomic}
     bool UseCondCardMark                          = true                                      {product} {ergonomic}
     bool UseFastUnorderedTimeStamps               = true                                 {experimental} {ergonomic}
     bool UseG1GC                                  = true                                      {product} {ergonomic}
     bool UseLargePagesIndividualAllocation        = false                                  {pd product} {ergonomic}
      int X86ICacheSync                            = 3                                 {ARCH diagnostic} {ergonomic}

Logging:
Log output configuration:
 #0: stdout all=warning uptime,level,tags foldmultilines=false
 #1: stderr all=off uptime,level,tags foldmultilines=false

Release file:
IMPLEMENTOR="Oracle Corporation" 
JAVA_RUNTIME_VERSION="26.0.2+10-55" 
JAVA_VERSION="26.0.2" 
JAVA_VERSION_DATE="2026-07-21" 
LIBC="default" 
MODULES="java.base java.compiler java.datatransfer java.xml java.prefs java.desktop java.instrument java.logging java.management java.security.sasl java.naming java.rmi java.management.rmi java.net.http java.scripting java.security.jgss java.transaction.xa java.sql java.sql.rowset java.xml.crypto java.se java.smartcardio jdk.accessibility jdk.internal.jvmstat jdk.attach jdk.charsets jdk.internal.opt jdk.zipfs jdk.compiler jdk.crypto.cryptoki jdk.crypto.ec jdk.crypto.mscapi jdk.dynalink jdk.internal.ed jdk.editpad jdk.internal.vm.ci jdk.graal.compiler jdk.graal.compiler.management jdk.hotspot.agent jdk.httpserver jdk.incubator.vector jdk.internal.le jdk.internal.md jdk.jartool jdk.javadoc jdk.jcmd jdk.management jdk.management.agent jdk.jconsole jdk.jdeps jdk.jdwp.agent jdk.jdi jdk.jfr jdk.jlink jdk.jpackage jdk.jshell jdk.jstatd jdk.localedata jdk.management.jfr jdk.naming.dns jdk.naming.rmi jdk.net jdk.nio.mapmode jdk.sctp jdk.security.auth jdk.security.jgss jdk.unsupported jdk.unsupported.desktop jdk.xml.dom" 
OS_ARCH="x86_64" 
OS_NAME="Windows" 
SOURCE=".:git:fa67dfdcec4b" 

Environment Variables:
JAVA_HOME=C:\Users\stasi\.jdks\openjdk-26.0.2
PATH=C:\Program Files\Common Files\Oracle\Java\javapath;C:\Program Files\Eclipse Adoptium\jdk-21.0.12.8-hotspot\bin;C:\Program Files\Eclipse Adoptium\jdk-25.0.0.36-hotspot\bin;C:\Program Files (x86)\Common Files\Oracle\Java\javapath;C:\WINDOWS\system32;C:\WINDOWS;C:\WINDOWS\System32\Wbem;C:\WINDOWS\System32\WindowsPowerShell\v1.0\;C:\WINDOWS\System32\OpenSSH\;C:\Program Files\dotnet\;C:\Program Files\nodejs\;C:\Program Files\Git\cmd;C:\Users\stasi\.local\bin;C:\Users\stasi\AppData\Local\Microsoft\WindowsApps;C:\Users\stasi\AppData\Local\Programs\Microsoft VS Code\bin;C:\Users\stasi\.dotnet\tools;C:\Users\stasi\AppData\Roaming\npm;C:\Program Files\Eclipse Adoptium\jdk-17.0.8.1-hotspot\bin;C:\src\flutter\bin;C:\src\flutter\bin
USERNAME=stasi
OS=Windows_NT
PROCESSOR_IDENTIFIER=AMD64 Family 25 Model 33 Stepping 2, AuthenticAMD
TMP=C:\Users\stasi\AppData\Local\Temp
TEMP=C:\Users\stasi\AppData\Local\Temp




Compilation memory statistics disabled.

Periodic native trim disabled

---------------  S Y S T E M  ---------------

OS:
 Windows 11 , 64 bit Build 26100 (10.0.26100.8875)
OS uptime: 0 days 3:15 hours
Hyper-V role detected

CPU: total 16 (initial active 16) (8 cores per cpu, 2 threads per core) family 25 model 33 stepping 2 microcode 0xa201210, cx8, cmov, fxsr, ht, mmx, 3dnowpref, sse, sse2, sse3, ssse3, sse4a, sse4.1, sse4.2, popcnt, lzcnt, tsc, tscinvbit, avx, avx2, aes, erms, clmul, bmi1, bmi2, adx, sha, fma, vzeroupper, clflush, clflushopt, clwb, hv, rdtscp, rdpid, fsrm, f16c, cet_ss
Processor Information for the first 16 processors :
  Max Mhz: 3001, Current Mhz: 3001, Mhz Limit: 3001

Memory: 4k page, system-wide physical 16306M (373M free)
TotalPageFile size 27371M (AvailPageFile size 884M)
current process WorkingSet (physical memory assigned to process): 238M, peak: 238M
current process commit charge ("private bytes"): 277M, peak: 284M

vm_info: OpenJDK 64-Bit Server VM (26.0.2+10-55) for windows-amd64 JRE (26.0.2+10-55), built on 2026-06-17T09:18:01Z with MS VC++ 17.13 (VS2022)

END.
