#
# There is insufficient memory for the Java Runtime Environment to continue.
# Native memory allocation (malloc) failed to allocate 2367512 bytes. Error detail: Chunk::new
# Possible reasons:
#   The system is out of physical RAM or swap space
#   This process is running with CompressedOops enabled, and the Java Heap may be blocking the growth of the native heap
# Possible solutions:
#   Reduce memory load on the system
#   Increase physical memory or swap space
#   Check if swap backing store is full
#   Decrease Java heap size (-Xmx/-Xms)
#   Decrease number of Java threads
#   Decrease Java thread stack sizes (-Xss)
#   Set larger code cache with -XX:ReservedCodeCacheSize=
#   JVM is running with Zero Based Compressed Oops mode in which the Java heap is
#     placed in the first 32GB address space. The Java Heap base address is the
#     maximum limit for the native heap growth. Please use -XX:HeapBaseMinAddress
#     to set the Java Heap base and to place the Java Heap above 32GB virtual address.
# This output file may be truncated or incomplete.
#
#  Out of Memory Error (arena.cpp:193), pid=21616, tid=23696
#
# JRE version: OpenJDK Runtime Environment (26.0.2+10) (build 26.0.2+10-55)
# Java VM: OpenJDK 64-Bit Server VM (26.0.2+10-55, mixed mode, sharing, tiered, compressed oops, compressed class ptrs, g1 gc, windows-amd64)
# No core dump will be written. Minidumps are not enabled by default on client versions of Windows
#

---------------  S U M M A R Y ------------

Command Line: --enable-native-access=ALL-UNNAMED -Dfile.encoding=UTF-8 -Dclassworlds.conf=D:\Nowy folder (2)\IntelliJ IDEA 2026.2.0.1\plugins\maven-plugin\lib\maven3\bin\m2.conf -Dmaven.home=D:\Nowy folder (2)\IntelliJ IDEA 2026.2.0.1\plugins\maven-plugin\lib\maven3 -Dlibrary.jansi.path=D:\Nowy folder (2)\IntelliJ IDEA 2026.2.0.1\plugins\maven-plugin\lib\maven3\lib\jansi-native -Dmaven.multiModuleProjectDirectory=C:\Users\stasi\IdeaProjects\Mainplugins org.codehaus.plexus.classworlds.launcher.Launcher -Didea.version=2026.2.0.1 -Dmaven.ext.class.path=D:\Nowy folder (2)\IntelliJ IDEA 2026.2.0.1\plugins\maven-plugin\lib\intellij.maven.rt\maven-event-listener.jar -Djansi.passthrough=true -Dstyle.color=always -Dmaven.repo.local=C:\Users\stasi\.m2\repository package -f pom.xml

Host: AMD Ryzen 7 5700X3D 8-Core Processor           , 16 cores, 15G,  Windows 11 , 64 bit Build 26100 (10.0.26100.8875)
Time: Sun Aug  2 00:35:06 2026 elapsed time: 12.761490 seconds (0d 0h 0m 12s)

---------------  T H R E A D  ---------------

Current thread (0x000001f2c445ec50):  JavaThread "C2 CompilerThread1" daemon [_thread_in_native, id=23696, stack(0x0000007620b00000,0x0000007620c00000) (1024K)]


Current CompileTask:
C2:12761 8932 %     4       java.math.BigInteger::add @ 64 (215 bytes)

Stack: [0x0000007620b00000,0x0000007620c00000]
Native frames: (J=compiled Java code, j=interpreted, Vv=VM code, C=native code)
V  [jvm.dll+0x7d6ea9]  (no source info available)
V  [jvm.dll+0x7a4dcd]  (no source info available)
V  [jvm.dll+0x9b2390]  (no source info available)
V  [jvm.dll+0x9b47e1]  (no source info available)
V  [jvm.dll+0x9b4ef3]  (no source info available)
V  [jvm.dll+0x30f4d6]  (no source info available)
V  [jvm.dll+0x11ddb6]  (no source info available)
V  [jvm.dll+0x11e0de]  (no source info available)
V  [jvm.dll+0x1b00f6]  (no source info available)
V  [jvm.dll+0x3cc262]  (no source info available)
V  [jvm.dll+0x7dfaa2]  (no source info available)
V  [jvm.dll+0x2d2947]  (no source info available)
V  [jvm.dll+0x2d18bf]  (no source info available)
V  [jvm.dll+0x246d30]  (no source info available)
V  [jvm.dll+0x2e19dc]  (no source info available)
V  [jvm.dll+0x2dfbbd]  (no source info available)
V  [jvm.dll+0x4a5a61]  (no source info available)
V  [jvm.dll+0x950d59]  (no source info available)
V  [jvm.dll+0x7d8988]  (no source info available)
C  [ucrtbase.dll+0x2cd30]  (no source info available)
C  [KERNEL32.DLL+0x2e957]  (no source info available)
C  [ntdll.dll+0xaad6c]  (no source info available)

Lock stack of current Java thread (top to bottom):


---------------  P R O C E S S  ---------------

Threads class SMR info:
_java_thread_list=0x000001f2c4962530, length=16, elements={
0x000001f29b654910, 0x000001f2be5e6d50, 0x000001f2be5e7500, 0x000001f2be5eb590,
0x000001f2be5ec4a0, 0x000001f2be5ef070, 0x000001f2be5f9d70, 0x000001f2be5fd1a0,
0x000001f2be619ea0, 0x000001f2be5f4c90, 0x000001f2be5f6400, 0x000001f2c3e4f4d0,
0x000001f2c4465d30, 0x000001f2c445ec50, 0x000001f2c4462cd0, 0x000001f2c4082630
}

Java Threads: ( => current thread )
  0x000001f29b654910 JavaThread "main"                              [_thread_in_vm, id=18992, stack(0x000000761fa00000,0x000000761fb00000) (1024K)]
  0x000001f2be5e6d50 JavaThread "Reference Handler"          daemon [_thread_blocked, id=9660, stack(0x0000007620300000,0x0000007620400000) (1024K)]
  0x000001f2be5e7500 JavaThread "Finalizer"                  daemon [_thread_blocked, id=22232, stack(0x0000007620400000,0x0000007620500000) (1024K)]
  0x000001f2be5eb590 JavaThread "Signal Dispatcher"          daemon [_thread_blocked, id=10208, stack(0x0000007620500000,0x0000007620600000) (1024K)]
  0x000001f2be5ec4a0 JavaThread "Attach Listener"            daemon [_thread_blocked, id=3872, stack(0x0000007620600000,0x0000007620700000) (1024K)]
  0x000001f2be5ef070 JavaThread "Service Thread"             daemon [_thread_blocked, id=21560, stack(0x0000007620700000,0x0000007620800000) (1024K)]
  0x000001f2be5f9d70 JavaThread "Monitor Deflation Thread"   daemon [_thread_blocked, id=16104, stack(0x0000007620800000,0x0000007620900000) (1024K)]
  0x000001f2be5fd1a0 JavaThread "C2 CompilerThread0"         daemon [_thread_blocked, id=10388, stack(0x0000007620900000,0x0000007620a00000) (1024K)]
  0x000001f2be619ea0 JavaThread "C1 CompilerThread0"         daemon [_thread_blocked, id=20068, stack(0x0000007620a00000,0x0000007620b00000) (1024K)]
  0x000001f2be5f4c90 JavaThread "Notification Thread"        daemon [_thread_blocked, id=24980, stack(0x0000007620c00000,0x0000007620d00000) (1024K)]
  0x000001f2be5f6400 JavaThread "Common-Cleaner"             daemon [_thread_blocked, id=14632, stack(0x0000007620d00000,0x0000007620e00000) (1024K)]
  0x000001f2c3e4f4d0 JavaThread "Thread-1"                   daemon [_thread_blocked, id=6752, stack(0x0000007621500000,0x0000007621600000) (1024K)]
  0x000001f2c4465d30 JavaThread "C1 CompilerThread1"         daemon [_thread_blocked, id=23968, stack(0x0000007621e00000,0x0000007621f00000) (1024K)]
=>0x000001f2c445ec50 JavaThread "C2 CompilerThread1"         daemon [_thread_in_native, id=23696, stack(0x0000007620b00000,0x0000007620c00000) (1024K)]
  0x000001f2c4462cd0 JavaThread "C2 CompilerThread2"         daemon [_thread_blocked, id=8724, stack(0x0000007621d00000,0x0000007621e00000) (1024K)]
  0x000001f2c4082630 JavaThread "pool-1-thread-1"            daemon [_thread_in_vm, id=10372, stack(0x0000007621f00000,0x0000007622000000) (1024K)]
Total: 16

Other Threads:
  0x000001f2be5d37d0 VMThread "VM Thread"                           [id=23428, stack(0x0000007620200000,0x0000007620300000) (1024K)]
  0x000001f2be5c4410 WatcherThread "VM Periodic Task Thread"        [id=2484, stack(0x0000007620100000,0x0000007620200000) (1024K)]
  0x000001f29d9fda10 WorkerThread "GC Thread#0"                     [id=13228, stack(0x000000761fb00000,0x000000761fc00000) (1024K)]
  0x000001f2c33e0560 WorkerThread "GC Thread#1"                     [id=19568, stack(0x0000007620e00000,0x0000007620f00000) (1024K)]
  0x000001f2c38d0170 WorkerThread "GC Thread#2"                     [id=6904, stack(0x0000007621000000,0x0000007621100000) (1024K)]
  0x000001f2c38f25f0 WorkerThread "GC Thread#3"                     [id=20412, stack(0x0000007621100000,0x0000007621200000) (1024K)]
  0x000001f2c3977950 WorkerThread "GC Thread#4"                     [id=22468, stack(0x0000007621200000,0x0000007621300000) (1024K)]
  0x000001f2c3e46050 WorkerThread "GC Thread#5"                     [id=25680, stack(0x0000007621300000,0x0000007621400000) (1024K)]
  0x000001f2c39aa360 WorkerThread "GC Thread#6"                     [id=23212, stack(0x0000007621400000,0x0000007621500000) (1024K)]
  0x000001f2c39a9f10 WorkerThread "GC Thread#7"                     [id=14748, stack(0x0000007621600000,0x0000007621700000) (1024K)]
  0x000001f2c3f1cd10 WorkerThread "GC Thread#8"                     [id=24796, stack(0x0000007621700000,0x0000007621800000) (1024K)]
  0x000001f2c3f1c020 WorkerThread "GC Thread#9"                     [id=18520, stack(0x0000007621800000,0x0000007621900000) (1024K)]
  0x000001f2c3f21f00 WorkerThread "GC Thread#10"                    [id=20240, stack(0x0000007621900000,0x0000007621a00000) (1024K)]
  0x000001f2c4067dd0 WorkerThread "GC Thread#11"                    [id=17840, stack(0x0000007621a00000,0x0000007621b00000) (1024K)]
  0x000001f2c4069c00 WorkerThread "GC Thread#12"                    [id=19656, stack(0x0000007620f00000,0x0000007621000000) (1024K)]
  0x000001f29da17800 ConcurrentGCThread "G1 Main Marker"            [id=10256, stack(0x000000761fc00000,0x000000761fd00000) (1024K)]
  0x000001f29da18b20 WorkerThread "G1 Conc#0"                       [id=1592, stack(0x000000761fd00000,0x000000761fe00000) (1024K)]
  0x000001f2c40663f0 WorkerThread "G1 Conc#1"                       [id=11316, stack(0x0000007621b00000,0x0000007621c00000) (1024K)]
  0x000001f2c406a4a0 WorkerThread "G1 Conc#2"                       [id=8184, stack(0x0000007621c00000,0x0000007621d00000) (1024K)]
  0x000001f2be48c920 WorkerThread "G1 Refinement Workers#0"         [id=3016, stack(0x000000761ff00000,0x0000007620000000) (1024K)]
  0x000001f2be48b0a0 ConcurrentGCThread "G1 Refine Control"         [id=6700, stack(0x000000761fe00000,0x000000761ff00000) (1024K)]
  0x000001f2be495550 ConcurrentGCThread "G1 Service"                [id=5548, stack(0x0000007620000000,0x0000007620100000) (1024K)]
Total: 22

Threads with active compile tasks:
C2 CompilerThread1  13561 8932 %     4       java.math.BigInteger::add @ 64 (215 bytes)
Total: 1

VM state: not at safepoint (normal execution)

VM Mutex/Monitor currently owned by a thread:  ([mutex/lock_event])
[0x00007ff8cc73fc08] Metaspace_lock - owner thread: 0x000001f2c4082630

Heap address: 0x0000000701200000, size: 4078 MB, Compressed Oops mode: Zero based, Oop shift amount: 3

CDS archive(s) mapped at: [0x0000000097000000-0x0000000097de0000-0x0000000097de0000), size 14548992, SharedBaseAddress: 0x0000000097000000, ArchiveRelocationMode: 1.
Compressed class space mapped at: 0x0000000098000000-0x00000000d8000000, reserved size: 1073741824
UseCompressedClassPointers 1, UseCompactObjectHeaders 0
Narrow klass pointer bits 32, Max shift 3
Narrow klass base: 0x0000000097000000, Narrow klass shift: 0
Encoding Range: [0x0000000097000000 - 0x0000000197000000), (4294967296 bytes)
Klass Range:    [0x0000000097000000 - 0x00000000d8000000), (1090519040 bytes)
Klass ID Range:  [8 - 1090519033) (1090519025)
Protection zone: [0x0000000097000000 - 0x0000000097010000), (65536 bytes)

GC Precious Log:
 CardTable entry size: 512
 Card Set container configuration: InlinePtr #cards 4 size 8 Array Of Cards #cards 16 size 48 Howl #buckets 8 coarsen threshold 3686 Howl Bitmap #cards 512 size 80 coarsen threshold 460 Card regions per heap region 1 cards per card region 4096
 CPUs: 16 total, 16 available
 Memory: 16306M
 Large Page Support: Disabled
 NUMA Support: Disabled
 Compressed Oops: Enabled (Zero based)
 Heap Region Size: 2M
 Heap Min Capacity: 8M
 Heap Initial Capacity: 8M
 Heap Max Capacity: 4078M
 Pre-touch: Disabled
 Parallel Workers: 13
 Concurrent Workers: 3
 Concurrent Refinement Workers: 13
 Periodic GC: Disabled

Heap:
 garbage-first heap   total reserved 4175872K, committed 147456K, used 64578K [0x0000000701200000, 0x0000000800000000)
  region size 2M, 12 eden (24M), 3 survivor (6M), 16 old (32M), 2 humongous (4M), 39 free (78M)

Heap Regions: E=young(eden), S=young(survivor), O=old, HS=humongous(starts), HC=humongous(continues), CS=collection set, F=free, TAMS=top-at-mark-start, PB=parsable bottom
|    0|0x0000000701200000, 0x0000000701400000, 0x0000000701400000|100%| O|  |TAMS 0x0000000701200000| PB 0x0000000701200000| Untracked |  0
|    1|0x0000000701400000, 0x0000000701600000, 0x0000000701600000|100%| O|  |TAMS 0x0000000701400000| PB 0x0000000701400000| Untracked |  0
|    2|0x0000000701600000, 0x0000000701800000, 0x0000000701800000|100%| O|  |TAMS 0x0000000701600000| PB 0x0000000701600000| Untracked |  0
|    3|0x0000000701800000, 0x0000000701a00000, 0x0000000701a00000|100%| O|  |TAMS 0x0000000701800000| PB 0x0000000701800000| Untracked |  0
|    4|0x0000000701a00000, 0x0000000701c00000, 0x0000000701c00000|100%| O|  |TAMS 0x0000000701a00000| PB 0x0000000701a00000| Untracked |  0
|    5|0x0000000701c00000, 0x0000000701e00000, 0x0000000701e00000|100%|HS|  |TAMS 0x0000000701c00000| PB 0x0000000701c00000| Complete  |  0
|    6|0x0000000701e00000, 0x0000000702000000, 0x0000000702000000|100%| O|  |TAMS 0x0000000701e00000| PB 0x0000000701e00000| Untracked |  0
|    7|0x0000000702000000, 0x0000000702200000, 0x0000000702200000|100%| O|Cm|TAMS 0x0000000702000000| PB 0x0000000702000000| Complete  |  0
|    8|0x0000000702200000, 0x0000000702400000, 0x0000000702400000|100%|HS|  |TAMS 0x0000000702200000| PB 0x0000000702200000| Complete  |  0
|    9|0x0000000702400000, 0x0000000702600000, 0x0000000702600000|100%| O|  |TAMS 0x0000000702400000| PB 0x0000000702400000| Untracked |  0
|   10|0x0000000702600000, 0x0000000702800000, 0x0000000702800000|100%| O|  |TAMS 0x0000000702600000| PB 0x0000000702600000| Untracked |  0
|   11|0x0000000702800000, 0x0000000702a00000, 0x0000000702a00000|100%| O|  |TAMS 0x0000000702800000| PB 0x0000000702800000| Untracked |  0
|   12|0x0000000702a00000, 0x0000000702c00000, 0x0000000702c00000|100%| O|  |TAMS 0x0000000702a00000| PB 0x0000000702a00000| Untracked |  0
|   13|0x0000000702c00000, 0x0000000702c00000, 0x0000000702e00000|  0%| F|  |TAMS 0x0000000702c00000| PB 0x0000000702c00000| Untracked |  0
|   14|0x0000000702e00000, 0x0000000702f10bf0, 0x0000000703000000| 53%| O|  |TAMS 0x0000000702e00000| PB 0x0000000702e00000| Untracked |  0
|   15|0x0000000703000000, 0x0000000703000000, 0x0000000703200000|  0%| F|  |TAMS 0x0000000703000000| PB 0x0000000703000000| Untracked |  0
|   16|0x0000000703200000, 0x0000000703200000, 0x0000000703400000|  0%| F|  |TAMS 0x0000000703200000| PB 0x0000000703200000| Untracked |  0
|   17|0x0000000703400000, 0x0000000703400000, 0x0000000703600000|  0%| F|  |TAMS 0x0000000703400000| PB 0x0000000703400000| Untracked |  0
|   18|0x0000000703600000, 0x0000000703600000, 0x0000000703800000|  0%| F|  |TAMS 0x0000000703600000| PB 0x0000000703600000| Untracked |  0
|   19|0x0000000703800000, 0x0000000703800000, 0x0000000703a00000|  0%| F|  |TAMS 0x0000000703800000| PB 0x0000000703800000| Untracked |  0
|   20|0x0000000703a00000, 0x0000000703a00000, 0x0000000703c00000|  0%| F|  |TAMS 0x0000000703a00000| PB 0x0000000703a00000| Untracked |  0
|   21|0x0000000703c00000, 0x0000000703c00000, 0x0000000703e00000|  0%| F|  |TAMS 0x0000000703c00000| PB 0x0000000703c00000| Untracked |  0
|   22|0x0000000703e00000, 0x0000000703e00000, 0x0000000704000000|  0%| F|  |TAMS 0x0000000703e00000| PB 0x0000000703e00000| Untracked |  0
|   23|0x0000000704000000, 0x0000000704000000, 0x0000000704200000|  0%| F|  |TAMS 0x0000000704000000| PB 0x0000000704000000| Untracked |  0
|   24|0x0000000704200000, 0x0000000704200000, 0x0000000704400000|  0%| F|  |TAMS 0x0000000704200000| PB 0x0000000704200000| Untracked |  0
|   25|0x0000000704400000, 0x0000000704400000, 0x0000000704600000|  0%| F|  |TAMS 0x0000000704400000| PB 0x0000000704400000| Untracked |  0
|   26|0x0000000704600000, 0x0000000704600000, 0x0000000704800000|  0%| F|  |TAMS 0x0000000704600000| PB 0x0000000704600000| Untracked |  0
|   27|0x0000000704800000, 0x0000000704800000, 0x0000000704a00000|  0%| F|  |TAMS 0x0000000704800000| PB 0x0000000704800000| Untracked |  0
|   28|0x0000000704a00000, 0x0000000704a00000, 0x0000000704c00000|  0%| F|  |TAMS 0x0000000704a00000| PB 0x0000000704a00000| Untracked |  0
|   29|0x0000000704c00000, 0x0000000704c00000, 0x0000000704e00000|  0%| F|  |TAMS 0x0000000704c00000| PB 0x0000000704c00000| Untracked |  0
|   30|0x0000000704e00000, 0x0000000704e00000, 0x0000000705000000|  0%| F|  |TAMS 0x0000000704e00000| PB 0x0000000704e00000| Untracked |  0
|   31|0x0000000705000000, 0x0000000705200000, 0x0000000705200000|100%| S|CS|TAMS 0x0000000705000000| PB 0x0000000705000000| Complete  |  0
|   32|0x0000000705200000, 0x0000000705400000, 0x0000000705400000|100%| S|CS|TAMS 0x0000000705200000| PB 0x0000000705200000| Complete  |  0
|   33|0x0000000705400000, 0x0000000705600000, 0x0000000705600000|100%| S|CS|TAMS 0x0000000705400000| PB 0x0000000705400000| Complete  |  0
|   34|0x0000000705600000, 0x0000000705600000, 0x0000000705800000|  0%| F|  |TAMS 0x0000000705600000| PB 0x0000000705600000| Untracked |  0
|   35|0x0000000705800000, 0x0000000705800000, 0x0000000705a00000|  0%| F|  |TAMS 0x0000000705800000| PB 0x0000000705800000| Untracked |  0
|   36|0x0000000705a00000, 0x0000000705a00000, 0x0000000705c00000|  0%| F|  |TAMS 0x0000000705a00000| PB 0x0000000705a00000| Untracked |  0
|   37|0x0000000705c00000, 0x0000000705c00000, 0x0000000705e00000|  0%| F|  |TAMS 0x0000000705c00000| PB 0x0000000705c00000| Untracked |  0
|   38|0x0000000705e00000, 0x0000000705e00000, 0x0000000706000000|  0%| F|  |TAMS 0x0000000705e00000| PB 0x0000000705e00000| Untracked |  0
|   39|0x0000000706000000, 0x0000000706000000, 0x0000000706200000|  0%| F|  |TAMS 0x0000000706000000| PB 0x0000000706000000| Untracked |  0
|   40|0x0000000706200000, 0x0000000706200000, 0x0000000706400000|  0%| F|  |TAMS 0x0000000706200000| PB 0x0000000706200000| Untracked |  0
|   41|0x0000000706400000, 0x0000000706400000, 0x0000000706600000|  0%| F|  |TAMS 0x0000000706400000| PB 0x0000000706400000| Untracked |  0
|   42|0x0000000706600000, 0x0000000706600000, 0x0000000706800000|  0%| F|  |TAMS 0x0000000706600000| PB 0x0000000706600000| Untracked |  0
|   43|0x0000000706800000, 0x0000000706800000, 0x0000000706a00000|  0%| F|  |TAMS 0x0000000706800000| PB 0x0000000706800000| Untracked |  0
|   44|0x0000000706a00000, 0x0000000706a00000, 0x0000000706c00000|  0%| F|  |TAMS 0x0000000706a00000| PB 0x0000000706a00000| Untracked |  0
|   45|0x0000000706c00000, 0x0000000706c00000, 0x0000000706e00000|  0%| F|  |TAMS 0x0000000706c00000| PB 0x0000000706c00000| Untracked |  0
|   46|0x0000000706e00000, 0x0000000706e00000, 0x0000000707000000|  0%| F|  |TAMS 0x0000000706e00000| PB 0x0000000706e00000| Untracked |  0
|   47|0x0000000707000000, 0x0000000707000000, 0x0000000707200000|  0%| F|  |TAMS 0x0000000707000000| PB 0x0000000707000000| Untracked |  0
|   48|0x0000000707200000, 0x0000000707200000, 0x0000000707400000|  0%| F|  |TAMS 0x0000000707200000| PB 0x0000000707200000| Untracked |  0
|   49|0x0000000707400000, 0x0000000707400000, 0x0000000707600000|  0%| F|  |TAMS 0x0000000707400000| PB 0x0000000707400000| Untracked |  0
|   50|0x0000000707600000, 0x0000000707600000, 0x0000000707800000|  0%| F|  |TAMS 0x0000000707600000| PB 0x0000000707600000| Untracked |  0
|   51|0x0000000707800000, 0x0000000707800000, 0x0000000707a00000|  0%| F|  |TAMS 0x0000000707800000| PB 0x0000000707800000| Untracked |  0
|   52|0x0000000707a00000, 0x0000000707a00000, 0x0000000707c00000|  0%| F|  |TAMS 0x0000000707a00000| PB 0x0000000707a00000| Untracked |  0
|   53|0x0000000707c00000, 0x0000000707c00000, 0x0000000707e00000|  0%| F|  |TAMS 0x0000000707c00000| PB 0x0000000707c00000| Untracked |  0
|   54|0x0000000707e00000, 0x0000000707e00000, 0x0000000708000000|  0%| F|  |TAMS 0x0000000707e00000| PB 0x0000000707e00000| Untracked |  0
|   55|0x0000000708000000, 0x0000000708000000, 0x0000000708200000|  0%| F|  |TAMS 0x0000000708000000| PB 0x0000000708000000| Untracked |  0
|   56|0x0000000708200000, 0x00000007082e39c0, 0x0000000708400000| 44%| E|CS|TAMS 0x0000000708200000| PB 0x0000000708200000| Complete  |  0
|   57|0x0000000708400000, 0x0000000708600000, 0x0000000708600000|100%| E|CS|TAMS 0x0000000708400000| PB 0x0000000708400000| Complete  |  0
|   58|0x0000000708600000, 0x0000000708800000, 0x0000000708800000|100%| E|CS|TAMS 0x0000000708600000| PB 0x0000000708600000| Complete  |  0
|   59|0x0000000708800000, 0x0000000708a00000, 0x0000000708a00000|100%| E|CS|TAMS 0x0000000708800000| PB 0x0000000708800000| Complete  |  0
|   60|0x0000000708a00000, 0x0000000708c00000, 0x0000000708c00000|100%| E|CS|TAMS 0x0000000708a00000| PB 0x0000000708a00000| Complete  |  0
|   61|0x0000000708c00000, 0x0000000708e00000, 0x0000000708e00000|100%| E|CS|TAMS 0x0000000708c00000| PB 0x0000000708c00000| Complete  |  0
|   62|0x0000000708e00000, 0x0000000709000000, 0x0000000709000000|100%| E|CS|TAMS 0x0000000708e00000| PB 0x0000000708e00000| Complete  |  0
|   63|0x0000000709000000, 0x0000000709200000, 0x0000000709200000|100%| E|CS|TAMS 0x0000000709000000| PB 0x0000000709000000| Complete  |  0
|   64|0x0000000709200000, 0x0000000709400000, 0x0000000709400000|100%| E|CS|TAMS 0x0000000709200000| PB 0x0000000709200000| Complete  |  0
|   65|0x0000000709400000, 0x0000000709600000, 0x0000000709600000|100%| E|CS|TAMS 0x0000000709400000| PB 0x0000000709400000| Complete  |  0
|   66|0x0000000709600000, 0x0000000709800000, 0x0000000709800000|100%| E|CS|TAMS 0x0000000709600000| PB 0x0000000709600000| Complete  |  0
| 2034|0x00000007ff600000, 0x00000007ff800000, 0x00000007ff800000|100%| O|  |TAMS 0x00000007ff600000| PB 0x00000007ff600000| Untracked |  0
| 2035|0x00000007ff800000, 0x00000007ffa00000, 0x00000007ffa00000|100%| O|  |TAMS 0x00000007ff800000| PB 0x00000007ff800000| Untracked |  0
| 2036|0x00000007ffa00000, 0x00000007ffc00000, 0x00000007ffc00000|100%| O|  |TAMS 0x00000007ffa00000| PB 0x00000007ffa00000| Untracked |  0
| 2037|0x00000007ffc00000, 0x00000007ffe00000, 0x00000007ffe00000|100%| O|  |TAMS 0x00000007ffc00000| PB 0x00000007ffc00000| Untracked |  0
| 2038|0x00000007ffe00000, 0x0000000800000000, 0x0000000800000000|100%| E|CS|TAMS 0x00000007ffe00000| PB 0x00000007ffe00000| Complete  |  0

Card table byte_map: [0x000001f2b6ef0000,0x000001f2b76f0000] _byte_map_base: 0x000001f2b36e7000
Refinement table byte_map: [0x000001f2b66f0000,0x000001f2b6ef0000] _byte_map_base: 0x000001f2b2ee7000

Marking Bits: (CMBitMap*) 0x000001f29d9fe190
 Bits: [0x000001f2b76f0000, 0x000001f2bb6a8000)

Polling page: 0x000001f29b7e0000

Metaspace:
Metaspace        used 30564K, committed 30912K, reserved 1114112K
 class space     used 3552K, committed 3712K, reserved 1048576K

Usage:
  Non-class:     26.38 MB used.
      Class:      3.47 MB used.
       Both:     29.85 MB used.

Virtual space:
  Non-class space:       64.00 MB reserved,      26.56 MB ( 42%) committed,  1 nodes.
      Class space:        1.00 GB reserved,       3.62 MB ( <1%) committed,  1 nodes.
             Both:        1.06 GB reserved,      30.19 MB (  3%) committed. 

Chunk freelists:
   Non-Class:  5.03 MB
       Class:  12.35 MB
        Both:  17.38 MB

MaxMetaspaceSize: unlimited
CompressedClassSpaceSize: 1.00 GB
Initial GC threshold: 21.00 MB
Current GC threshold: 44.81 MB
CDS: on
 - commit_granule_bytes: 65536.
 - commit_granule_words: 8192.
 - virtual_space_node_default_size: 8388608.
 - enlarge_chunks_in_place: 1.
UseCompressedClassPointers 1, UseCompactObjectHeaders 0
Narrow klass pointer bits 32, Max shift 3
Narrow klass base: 0x0000000097000000, Narrow klass shift: 0
Encoding Range: [0x0000000097000000 - 0x0000000197000000), (4294967296 bytes)
Klass Range:    [0x0000000097000000 - 0x00000000d8000000), (1090519040 bytes)
Klass ID Range:  [8 - 1090519033) (1090519025)
Protection zone: [0x0000000097000000 - 0x0000000097010000), (65536 bytes)


Internal statistics:

num_allocs_failed_limit: 3.
num_arena_births: 250.
num_arena_deaths: 0.
num_vsnodes_births: 2.
num_vsnodes_deaths: 0.
num_space_committed: 483.
num_space_uncommitted: 0.
num_chunks_returned_to_freelist: 3.
num_chunks_taken_from_freelist: 1386.
num_chunk_merges: 3.
num_chunk_splits: 950.
num_chunks_enlarged: 763.
num_inconsistent_stats: 0.

CodeHeap 'non-profiled nmethods': size=119168Kb used=3240Kb max_used=3240Kb free=115927Kb
 bounds [0x000001f2ae210000, 0x000001f2ae540000, 0x000001f2b5670000]
CodeHeap 'profiled nmethods': size=119168Kb used=13959Kb max_used=13959Kb free=105208Kb
 bounds [0x000001f2a6660000, 0x000001f2a7410000, 0x000001f2adac0000]
CodeHeap 'non-nmethods': size=7488Kb used=2027Kb max_used=3282Kb free=5460Kb
 bounds [0x000001f2adac0000, 0x000001f2ade10000, 0x000001f2ae210000]
CodeCache: size=245824Kb, used=19226Kb, max_used=20481Kb, free=226595Kb
 total_blobs=8603, nmethods=8025, adapters=480, full_count=0
Compilation: enabled, stopped_count=0, restarted_count=0

Compilation events (20 events):
Event: 12.724 Thread 0x000001f2c445ec50 8932 %     4       java.math.BigInteger::add @ 64 (215 bytes)
Event: 12.724 Thread 0x000001f2c4465d30 8933       3       java.math.BigInteger::add (123 bytes)
Event: 12.725 Thread 0x000001f2c4465d30 nmethod 8933 0x000001f2a73fdd88 code [0x000001f2a73fde80, 0x000001f2a73fe508]
Event: 12.725 Thread 0x000001f2c4465d30 8934       1       java.util.concurrent.RecursiveTask::getRawResult (5 bytes)
Event: 12.725 Thread 0x000001f2c4465d30 nmethod 8934 0x000001f2ae536488 code [0x000001f2ae536580, 0x000001f2ae536638]
Event: 12.725 Thread 0x000001f2c4465d30 8935       3       java.math.BigInteger::subtract (126 bytes)
Event: 12.725 Thread 0x000001f2c4462cd0 8936 %     4       java.math.BigInteger::subtract @ 14 (130 bytes)
Event: 12.725 Thread 0x000001f2c4465d30 nmethod 8935 0x000001f2a73fe588 code [0x000001f2a73fe680, 0x000001f2a73fee18]
Event: 12.726 Thread 0x000001f2c4465d30 8937       3       java.math.BigInteger::square (89 bytes)
Event: 12.726 Thread 0x000001f2c4465d30 nmethod 8937 0x000001f2a73fee88 code [0x000001f2a73fef80, 0x000001f2a73ff568]
Event: 12.726 Thread 0x000001f2c4465d30 8938       3       java.math.BigInteger::compareMagnitude (73 bytes)
Event: 12.726 Thread 0x000001f2be619ea0 8939       3       java.math.BigInteger::shiftLeft (48 bytes)
Event: 12.726 Thread 0x000001f2c4465d30 nmethod 8938 0x000001f2a73ff588 code [0x000001f2a73ff680, 0x000001f2a73ffae8]
Event: 12.726 Thread 0x000001f2c4465d30 8940       3       java.math.BigInteger::shiftLeft (155 bytes)
Event: 12.726 Thread 0x000001f2be619ea0 nmethod 8939 0x000001f2a73ffb08 code [0x000001f2a73ffc00, 0x000001f2a73fff28]
Event: 12.727 Thread 0x000001f2c4465d30 nmethod 8940 0x000001f2a73fff88 code [0x000001f2a7400080, 0x000001f2a74009d0]
Event: 12.732 Thread 0x000001f2c4465d30 8941       3       sun.invoke.util.VerifyAccess::isModuleAccessible (97 bytes)
Event: 12.733 Thread 0x000001f2be5fd1a0 nmethod 8860 0x000001f2ae536788 code [0x000001f2ae536880, 0x000001f2ae539ae0]
Event: 12.733 Thread 0x000001f2c4465d30 nmethod 8941 0x000001f2a7400a08 code [0x000001f2a7400b00, 0x000001f2a7401d30]
Event: 12.750 Thread 0x000001f2c4462cd0 nmethod 8936% 0x000001f2ae539b08 code [0x000001f2ae539c00, 0x000001f2ae53a260]

GC Heap Usage History (20 events):
Event: 3.095 {heap Before GC invocations=15 (full 0):
 garbage-first heap   total reserved 4175872K, committed 38912K, used 32686K [0x0000000701200000, 0x0000000800000000)
  region size 2M, 10 eden (20M), 1 survivor (2M), 6 old (12M), 0 humongous (0M), 2 free (4M)
}
Event: 3.099 {heap After GC invocations=16 (full 0):
 garbage-first heap   total reserved 4175872K, committed 38912K, used 13202K [0x0000000701200000, 0x0000000800000000)
  region size 2M, 0 eden (0M), 2 survivor (4M), 6 old (12M), 0 humongous (0M), 11 free (22M)
}
Event: 3.427 {heap Before GC invocations=16 (full 0):
 garbage-first heap   total reserved 4175872K, committed 38912K, used 31634K [0x0000000701200000, 0x0000000800000000)
  region size 2M, 9 eden (18M), 2 survivor (4M), 6 old (12M), 0 humongous (0M), 2 free (4M)
}
Event: 3.433 {heap After GC invocations=17 (full 0):
 garbage-first heap   total reserved 4175872K, committed 38912K, used 14851K [0x0000000701200000, 0x0000000800000000)
  region size 2M, 0 eden (0M), 2 survivor (4M), 6 old (12M), 0 humongous (0M), 11 free (22M)
}
Event: 7.517 {heap Before GC invocations=17 (full 0):
 garbage-first heap   total reserved 4175872K, committed 38912K, used 29187K [0x0000000701200000, 0x0000000800000000)
  region size 2M, 7 eden (14M), 2 survivor (4M), 6 old (12M), 1 humongous (2M), 3 free (6M)
}
Event: 7.524 {heap After GC invocations=18 (full 0):
 garbage-first heap   total reserved 4175872K, committed 38912K, used 15857K [0x0000000701200000, 0x0000000800000000)
  region size 2M, 0 eden (0M), 2 survivor (4M), 7 old (14M), 0 humongous (0M), 10 free (20M)
}
Event: 8.238 {heap Before GC invocations=19 (full 0):
 garbage-first heap   total reserved 4175872K, committed 38912K, used 34289K [0x0000000701200000, 0x0000000800000000)
  region size 2M, 8 eden (16M), 2 survivor (4M), 7 old (14M), 1 humongous (2M), 1 free (2M)
}
Event: 8.250 {heap After GC invocations=20 (full 0):
 garbage-first heap   total reserved 4175872K, committed 45056K, used 23127K [0x0000000701200000, 0x0000000800000000)
  region size 2M, 0 eden (0M), 2 survivor (4M), 9 old (18M), 1 humongous (2M), 10 free (20M)
}
Event: 8.324 {heap Before GC invocations=20 (full 0):
 garbage-first heap   total reserved 4175872K, committed 45056K, used 37463K [0x0000000701200000, 0x0000000800000000)
  region size 2M, 6 eden (12M), 2 survivor (4M), 9 old (18M), 2 humongous (4M), 3 free (6M)
}
Event: 8.334 {heap After GC invocations=21 (full 0):
 garbage-first heap   total reserved 4175872K, committed 47104K, used 27807K [0x0000000701200000, 0x0000000800000000)
  region size 2M, 0 eden (0M), 1 survivor (2M), 11 old (22M), 2 humongous (4M), 9 free (18M)
}
Event: 8.486 {heap Before GC invocations=21 (full 0):
 garbage-first heap   total reserved 4175872K, committed 47104K, used 35999K [0x0000000701200000, 0x0000000800000000)
  region size 2M, 5 eden (10M), 1 survivor (2M), 11 old (22M), 2 humongous (4M), 4 free (8M)
}
Event: 8.491 {heap After GC invocations=22 (full 0):
 garbage-first heap   total reserved 4175872K, committed 47104K, used 30957K [0x0000000701200000, 0x0000000800000000)
  region size 2M, 0 eden (0M), 1 survivor (2M), 13 old (26M), 2 humongous (4M), 7 free (14M)
}
Event: 9.121 {heap Before GC invocations=23 (full 0):
 garbage-first heap   total reserved 4175872K, committed 47104K, used 37101K [0x0000000701200000, 0x0000000800000000)
  region size 2M, 4 eden (8M), 1 survivor (2M), 13 old (26M), 2 humongous (4M), 3 free (6M)
}
Event: 9.126 {heap After GC invocations=24 (full 0):
 garbage-first heap   total reserved 4175872K, committed 47104K, used 33355K [0x0000000701200000, 0x0000000800000000)
  region size 2M, 0 eden (0M), 1 survivor (2M), 14 old (28M), 2 humongous (4M), 6 free (12M)
}
Event: 9.185 {heap Before GC invocations=24 (full 0):
 garbage-first heap   total reserved 4175872K, committed 47104K, used 39499K [0x0000000701200000, 0x0000000800000000)
  region size 2M, 4 eden (8M), 1 survivor (2M), 14 old (28M), 2 humongous (4M), 2 free (4M)
}
Event: 9.197 {heap After GC invocations=25 (full 0):
 garbage-first heap   total reserved 4175872K, committed 49152K, used 35247K [0x0000000701200000, 0x0000000800000000)
  region size 2M, 0 eden (0M), 1 survivor (2M), 15 old (30M), 2 humongous (4M), 6 free (12M)
}
Event: 9.439 {heap Before GC invocations=25 (full 0):
 garbage-first heap   total reserved 4175872K, committed 49152K, used 41391K [0x0000000701200000, 0x0000000800000000)
  region size 2M, 3 eden (6M), 1 survivor (2M), 15 old (30M), 2 humongous (4M), 3 free (6M)
}
Event: 9.445 {heap After GC invocations=26 (full 0):
 garbage-first heap   total reserved 4175872K, committed 147456K, used 36867K [0x0000000701200000, 0x0000000800000000)
  region size 2M, 0 eden (0M), 1 survivor (2M), 16 old (32M), 2 humongous (4M), 53 free (106M)
}
Event: 12.104 {heap Before GC invocations=27 (full 0):
 garbage-first heap   total reserved 4175872K, committed 147456K, used 106499K [0x0000000701200000, 0x0000000800000000)
  region size 2M, 34 eden (68M), 1 survivor (2M), 16 old (32M), 2 humongous (4M), 19 free (38M)
}
Event: 12.114 {heap After GC invocations=28 (full 0):
 garbage-first heap   total reserved 4175872K, committed 147456K, used 42050K [0x0000000701200000, 0x0000000800000000)
  region size 2M, 0 eden (0M), 3 survivor (6M), 16 old (32M), 2 humongous (4M), 51 free (102M)
}

Metaspace Usage History (20 events):
Event: 3.095 {metaspace Before GC invocations=15 (full 0):
 Metaspace       used 16445K, committed 16704K, reserved 1114112K
  class space    used 1940K, committed 2048K, reserved 1048576K
}
Event: 3.099 {metaspace After GC invocations=16 (full 0):
 Metaspace       used 16445K, committed 16704K, reserved 1114112K
  class space    used 1940K, committed 2048K, reserved 1048576K
}
Event: 3.427 {metaspace Before GC invocations=16 (full 0):
 Metaspace       used 17588K, committed 17920K, reserved 1114112K
  class space    used 2079K, committed 2240K, reserved 1048576K
}
Event: 3.433 {metaspace After GC invocations=17 (full 0):
 Metaspace       used 17588K, committed 17920K, reserved 1114112K
  class space    used 2079K, committed 2240K, reserved 1048576K
}
Event: 7.517 {metaspace Before GC invocations=17 (full 0):
 Metaspace       used 21189K, committed 21504K, reserved 1114112K
  class space    used 2546K, committed 2688K, reserved 1048576K
}
Event: 7.524 {metaspace After GC invocations=18 (full 0):
 Metaspace       used 21189K, committed 21504K, reserved 1114112K
  class space    used 2546K, committed 2688K, reserved 1048576K
}
Event: 8.238 {metaspace Before GC invocations=19 (full 0):
 Metaspace       used 26298K, committed 26624K, reserved 1114112K
  class space    used 3117K, committed 3264K, reserved 1048576K
}
Event: 8.250 {metaspace After GC invocations=20 (full 0):
 Metaspace       used 26298K, committed 26624K, reserved 1114112K
  class space    used 3117K, committed 3264K, reserved 1048576K
}
Event: 8.324 {metaspace Before GC invocations=20 (full 0):
 Metaspace       used 26327K, committed 26688K, reserved 1114112K
  class space    used 3119K, committed 3328K, reserved 1048576K
}
Event: 8.334 {metaspace After GC invocations=21 (full 0):
 Metaspace       used 26327K, committed 26688K, reserved 1114112K
  class space    used 3119K, committed 3328K, reserved 1048576K
}
Event: 8.486 {metaspace Before GC invocations=21 (full 0):
 Metaspace       used 26638K, committed 27008K, reserved 1114112K
  class space    used 3158K, committed 3328K, reserved 1048576K
}
Event: 8.491 {metaspace After GC invocations=22 (full 0):
 Metaspace       used 26638K, committed 27008K, reserved 1114112K
  class space    used 3158K, committed 3328K, reserved 1048576K
}
Event: 9.121 {metaspace Before GC invocations=23 (full 0):
 Metaspace       used 26780K, committed 27136K, reserved 1114112K
  class space    used 3171K, committed 3328K, reserved 1048576K
}
Event: 9.126 {metaspace After GC invocations=24 (full 0):
 Metaspace       used 26780K, committed 27136K, reserved 1114112K
  class space    used 3171K, committed 3328K, reserved 1048576K
}
Event: 9.185 {metaspace Before GC invocations=24 (full 0):
 Metaspace       used 26949K, committed 27328K, reserved 1114112K
  class space    used 3183K, committed 3328K, reserved 1048576K
}
Event: 9.197 {metaspace After GC invocations=25 (full 0):
 Metaspace       used 26949K, committed 27328K, reserved 1114112K
  class space    used 3183K, committed 3328K, reserved 1048576K
}
Event: 9.439 {metaspace Before GC invocations=25 (full 0):
 Metaspace       used 27155K, committed 27520K, reserved 1114112K
  class space    used 3198K, committed 3392K, reserved 1048576K
}
Event: 9.445 {metaspace After GC invocations=26 (full 0):
 Metaspace       used 27155K, committed 27520K, reserved 1114112K
  class space    used 3198K, committed 3392K, reserved 1048576K
}
Event: 12.104 {metaspace Before GC invocations=27 (full 0):
 Metaspace       used 29524K, committed 29888K, reserved 1114112K
  class space    used 3472K, committed 3648K, reserved 1048576K
}
Event: 12.114 {metaspace After GC invocations=28 (full 0):
 Metaspace       used 29524K, committed 29888K, reserved 1114112K
  class space    used 3472K, committed 3648K, reserved 1048576K
}

Dll operation events (14 events):
Event: 0.006 Attempting to load shared library C:\Users\stasi\.jdks\openjdk-26.0.2\bin\java.dll
Event: 0.007 Loaded shared library C:\Users\stasi\.jdks\openjdk-26.0.2\bin\java.dll
Event: 0.039 Attempting to load shared library C:\Users\stasi\.jdks\openjdk-26.0.2\bin\net.dll
Event: 0.040 Loaded shared library C:\Users\stasi\.jdks\openjdk-26.0.2\bin\net.dll
Event: 0.041 Attempting to load shared library C:\Users\stasi\.jdks\openjdk-26.0.2\bin\nio.dll
Event: 0.042 Loaded shared library C:\Users\stasi\.jdks\openjdk-26.0.2\bin\nio.dll
Event: 0.046 Attempting to load shared library C:\Users\stasi\.jdks\openjdk-26.0.2\bin\zip.dll
Event: 0.047 Loaded shared library C:\Users\stasi\.jdks\openjdk-26.0.2\bin\zip.dll
Event: 0.362 Attempting to load shared library C:\Users\stasi\.jdks\openjdk-26.0.2\bin\jimage.dll
Event: 0.362 Loaded shared library C:\Users\stasi\.jdks\openjdk-26.0.2\bin\jimage.dll
Event: 0.363 Attempting to load shared library D:\Nowy folder (2)\IntelliJ IDEA 2026.2.0.1\plugins\maven-plugin\lib\maven3\lib\jansi-native\Windows\x86_64\jansi.dll
Event: 0.364 Loaded shared library D:\Nowy folder (2)\IntelliJ IDEA 2026.2.0.1\plugins\maven-plugin\lib\maven3\lib\jansi-native\Windows\x86_64\jansi.dll
Event: 0.374 Attempting to load shared library C:\Users\stasi\.jdks\openjdk-26.0.2\bin\verify.dll
Event: 0.375 Loaded shared library C:\Users\stasi\.jdks\openjdk-26.0.2\bin\verify.dll

Deoptimization events (20 events):
Event: 12.698 Thread 0x000001f29b654910 Uncommon trap: trap_request=0xffffffde fr.pc=0x000001f2ae2d8864 relative=0x00000000000003e4
Event: 12.698 Thread 0x000001f29b654910 Uncommon trap: reason=class_check action=maybe_recompile pc=0x000001f2ae2d8864 method=com.google.inject.internal.MoreTypes.getRawType(Ljava/lang/reflect/Type;)Ljava/lang/Class; @ 13 c2
Event: 12.698 Thread 0x000001f29b654910 DEOPT PACKING pc=0x000001f2ae2d8864 sp=0x000000761fafe3f0
Event: 12.698 Thread 0x000001f29b654910 DEOPT UNPACKING pc=0x000001f2adbe3d82 sp=0x000000761fafe318 mode 2
Event: 12.698 Thread 0x000001f29b654910 Uncommon trap: trap_request=0xffffffde fr.pc=0x000001f2ae2d8864 relative=0x00000000000003e4
Event: 12.698 Thread 0x000001f29b654910 Uncommon trap: reason=class_check action=maybe_recompile pc=0x000001f2ae2d8864 method=com.google.inject.internal.MoreTypes.getRawType(Ljava/lang/reflect/Type;)Ljava/lang/Class; @ 13 c2
Event: 12.698 Thread 0x000001f29b654910 DEOPT PACKING pc=0x000001f2ae2d8864 sp=0x000000761fafe3f0
Event: 12.698 Thread 0x000001f29b654910 DEOPT UNPACKING pc=0x000001f2adbe3d82 sp=0x000000761fafe318 mode 2
Event: 12.698 Thread 0x000001f29b654910 Uncommon trap: trap_request=0xffffffde fr.pc=0x000001f2ae2d8864 relative=0x00000000000003e4
Event: 12.698 Thread 0x000001f29b654910 Uncommon trap: reason=class_check action=maybe_recompile pc=0x000001f2ae2d8864 method=com.google.inject.internal.MoreTypes.getRawType(Ljava/lang/reflect/Type;)Ljava/lang/Class; @ 13 c2
Event: 12.698 Thread 0x000001f29b654910 DEOPT PACKING pc=0x000001f2ae2d8864 sp=0x000000761fafe3f0
Event: 12.698 Thread 0x000001f29b654910 DEOPT UNPACKING pc=0x000001f2adbe3d82 sp=0x000000761fafe318 mode 2
Event: 12.698 Thread 0x000001f29b654910 Uncommon trap: trap_request=0xffffffde fr.pc=0x000001f2ae2d8214 relative=0x0000000000000094
Event: 12.698 Thread 0x000001f29b654910 Uncommon trap: reason=class_check action=maybe_recompile pc=0x000001f2ae2d8214 method=com.google.inject.internal.MoreTypes.getRawType(Ljava/lang/reflect/Type;)Ljava/lang/Class; @ 13 c2
Event: 12.698 Thread 0x000001f29b654910 DEOPT PACKING pc=0x000001f2ae2d8214 sp=0x000000761fafe380
Event: 12.698 Thread 0x000001f29b654910 DEOPT UNPACKING pc=0x000001f2adbe3d82 sp=0x000000761fafe310 mode 2
Event: 12.721 Thread 0x000001f2c4082630 Uncommon trap: trap_request=0xffffff66 fr.pc=0x000001f2ae535ac0 relative=0x0000000000000240
Event: 12.721 Thread 0x000001f2c4082630 Uncommon trap: reason=loop_limit_check action=maybe_recompile pc=0x000001f2ae535ac0 method=java.math.BigInteger.implMulAdd([I[IIII)I @ 26 c2
Event: 12.721 Thread 0x000001f2c4082630 DEOPT PACKING pc=0x000001f2ae535ac0 sp=0x0000007621ffd7b0
Event: 12.721 Thread 0x000001f2c4082630 DEOPT UNPACKING pc=0x000001f2adbe3d82 sp=0x0000007621ffd700 mode 2

Classes loaded (20 events):
Event: 12.694 Loading class java/util/concurrent/Executors$DefaultThreadFactory
Event: 12.695 Loading class java/util/concurrent/Executors$DefaultThreadFactory done
Event: 12.696 Loading class java/io/FileReader
Event: 12.705 Loading class java/lang/IllegalAccessError
Event: 12.711 Loading class java/io/FileReader done
Event: 12.711 Loading class java/lang/IllegalAccessError done
Event: 12.713 Loading class java/math/BigDecimal
Event: 12.714 Loading class java/math/BigDecimal done
Event: 12.715 Loading class java/math/BigInteger$RecursiveOp
Event: 12.716 Loading class java/util/concurrent/RecursiveTask
Event: 12.717 Loading class java/util/concurrent/RecursiveTask done
Event: 12.717 Loading class java/math/BigInteger$RecursiveOp done
Event: 12.717 Loading class java/math/BigInteger$RecursiveOp$RecursiveSquare
Event: 12.717 Loading class java/math/BigInteger$RecursiveOp$RecursiveSquare done
Event: 12.739 Loading class java/lang/ProcessHandle
Event: 12.755 Loading class java/lang/ProcessHandle done
Event: 12.755 Loading class java/lang/ProcessHandle$Info
Event: 12.755 Loading class java/lang/ProcessHandle$Info done
Event: 12.755 Loading class java/util/concurrent/CompletableFuture
Event: 12.755 Loading class java/util/concurrent/CompletionStage

Classes unloaded (0 events):
No events

Classes redefined (0 events):
No events

Internal exceptions (20 events):
Event: 10.033 Thread 0x000001f29b654910 Exception <a 'sun/nio/fs/WindowsException'{0x000000070818b630}> (0x000000070818b630) 
thrown [s\open\src\hotspot\share\prims\jni.cpp, line 514]
Event: 10.154 Thread 0x000001f29b654910 Exception <a 'sun/nio/fs/WindowsException'{0x0000000707943d30}> (0x0000000707943d30) 
thrown [s\open\src\hotspot\share\prims\jni.cpp, line 514]
Event: 10.155 Thread 0x000001f29b654910 Exception <a 'sun/nio/fs/WindowsException'{0x0000000707946890}> (0x0000000707946890) 
thrown [s\open\src\hotspot\share\prims\jni.cpp, line 514]
Event: 10.155 Thread 0x000001f29b654910 Exception <a 'sun/nio/fs/WindowsException'{0x000000070794c7e8}> (0x000000070794c7e8) 
thrown [s\open\src\hotspot\share\prims\jni.cpp, line 514]
Event: 10.155 Thread 0x000001f29b654910 Exception <a 'sun/nio/fs/WindowsException'{0x000000070794d4f0}> (0x000000070794d4f0) 
thrown [s\open\src\hotspot\share\prims\jni.cpp, line 514]
Event: 10.241 Thread 0x000001f29b654910 Exception <a 'sun/nio/fs/WindowsException'{0x00000007075bea88}> (0x00000007075bea88) 
thrown [s\open\src\hotspot\share\prims\jni.cpp, line 514]
Event: 10.947 Thread 0x000001f29b654910 Exception <a 'sun/nio/fs/WindowsException'{0x000000070721b0a0}> (0x000000070721b0a0) 
thrown [s\open\src\hotspot\share\prims\jni.cpp, line 514]
Event: 11.763 Thread 0x000001f29b654910 Exception <a 'sun/nio/fs/WindowsException'{0x0000000706a63460}> (0x0000000706a63460) 
thrown [s\open\src\hotspot\share\prims\jni.cpp, line 514]
Event: 11.782 Thread 0x000001f29b654910 Exception <a 'sun/nio/fs/WindowsException'{0x000000070685ed80}> (0x000000070685ed80) 
thrown [s\open\src\hotspot\share\prims\jni.cpp, line 514]
Event: 11.782 Thread 0x000001f29b654910 Exception <a 'sun/nio/fs/WindowsException'{0x0000000706860bb8}> (0x0000000706860bb8) 
thrown [s\open\src\hotspot\share\prims\jni.cpp, line 514]
Event: 11.782 Thread 0x000001f29b654910 Exception <a 'sun/nio/fs/WindowsException'{0x00000007068622e8}> (0x00000007068622e8) 
thrown [s\open\src\hotspot\share\prims\jni.cpp, line 514]
Event: 11.782 Thread 0x000001f29b654910 Exception <a 'sun/nio/fs/WindowsException'{0x0000000706863210}> (0x0000000706863210) 
thrown [s\open\src\hotspot\share\prims\jni.cpp, line 514]
Event: 11.799 Thread 0x000001f29b654910 Exception <a 'sun/nio/fs/WindowsException'{0x0000000706970360}> (0x0000000706970360) 
thrown [s\open\src\hotspot\share\prims\jni.cpp, line 514]
Event: 11.803 Thread 0x000001f29b654910 Exception <a 'sun/nio/fs/WindowsException'{0x000000070698afa0}> (0x000000070698afa0) 
thrown [s\open\src\hotspot\share\prims\jni.cpp, line 514]
Event: 11.910 Thread 0x000001f29b654910 Exception <a 'sun/nio/fs/WindowsException'{0x000000070605f748}> (0x000000070605f748) 
thrown [s\open\src\hotspot\share\prims\jni.cpp, line 514]
Event: 11.964 Thread 0x000001f29b654910 Exception <a 'sun/nio/fs/WindowsException'{0x00000007061ca7f0}> (0x00000007061ca7f0) 
thrown [s\open\src\hotspot\share\prims\jni.cpp, line 514]
Event: 12.056 Thread 0x000001f29b654910 Exception <a 'sun/nio/fs/WindowsException'{0x0000000705685df8}> (0x0000000705685df8) 
thrown [s\open\src\hotspot\share\prims\jni.cpp, line 514]
Event: 12.095 Thread 0x000001f29b654910 Exception <a 'sun/nio/fs/WindowsException'{0x0000000705739fb0}> (0x0000000705739fb0) 
thrown [s\open\src\hotspot\share\prims\jni.cpp, line 514]
Event: 12.118 Thread 0x000001f29b654910 Exception <a 'sun/nio/fs/WindowsException'{0x00000007ffe23568}> (0x00000007ffe23568) 
thrown [s\open\src\hotspot\share\prims\jni.cpp, line 514]
Event: 12.124 Thread 0x000001f29b654910 Exception <a 'java/lang/IncompatibleClassChangeError'{0x00000007ffe40358}: Found class java.lang.Object, but interface was expected> (0x00000007ffe40358) 
thrown [s\open\src\hotspot\share\interpreter\linkResolver.cpp, line 871]

VM Operations (20 events):
Event: 9.602 Executing non-safepoint VM operation: HandshakeAllThreads (Deoptimize)
Event: 9.602 Executing non-safepoint VM operation: HandshakeAllThreads (Deoptimize) done
Event: 9.602 Executing non-safepoint VM operation: HandshakeAllThreads (Deoptimize)
Event: 9.602 Executing non-safepoint VM operation: HandshakeAllThreads (Deoptimize) done
Event: 9.693 Executing non-safepoint VM operation: HandshakeAllThreads (Deoptimize)
Event: 9.693 Executing non-safepoint VM operation: HandshakeAllThreads (Deoptimize) done
Event: 9.930 Executing non-safepoint VM operation: HandshakeAllThreads (Deoptimize)
Event: 9.930 Executing non-safepoint VM operation: HandshakeAllThreads (Deoptimize) done
Event: 10.086 Executing non-safepoint VM operation: HandshakeAllThreads (Deoptimize)
Event: 10.086 Executing non-safepoint VM operation: HandshakeAllThreads (Deoptimize) done
Event: 10.086 Executing non-safepoint VM operation: HandshakeAllThreads (Deoptimize)
Event: 10.086 Executing non-safepoint VM operation: HandshakeAllThreads (Deoptimize) done
Event: 10.131 Executing non-safepoint VM operation: HandshakeAllThreads (Deoptimize)
Event: 10.131 Executing non-safepoint VM operation: HandshakeAllThreads (Deoptimize) done
Event: 11.836 Executing non-safepoint VM operation: HandshakeAllThreads (Deoptimize)
Event: 11.836 Executing non-safepoint VM operation: HandshakeAllThreads (Deoptimize) done
Event: 12.104 Executing safepoint VM operation: G1CollectForAllocation (G1 Evacuation Pause)
Event: 12.114 Executing safepoint VM operation: G1CollectForAllocation (G1 Evacuation Pause) done
Event: 12.712 Executing non-safepoint VM operation: HandshakeAllThreads (Deoptimize)
Event: 12.712 Executing non-safepoint VM operation: HandshakeAllThreads (Deoptimize) done

Memory protections (0 events):
No events

Nmethod flushes (20 events):
Event: 9.477 Thread 0x000001f2be5d37d0 flushing  nmethod 0x000001f2a7110f88
Event: 9.477 Thread 0x000001f2be5d37d0 flushing  nmethod 0x000001f2a7118e08
Event: 9.477 Thread 0x000001f2be5d37d0 flushing  nmethod 0x000001f2a7119488
Event: 9.477 Thread 0x000001f2be5d37d0 flushing  nmethod 0x000001f2a711a088
Event: 9.477 Thread 0x000001f2be5d37d0 flushing  nmethod 0x000001f2a711b008
Event: 9.477 Thread 0x000001f2be5d37d0 flushing  nmethod 0x000001f2a711bb08
Event: 9.477 Thread 0x000001f2be5d37d0 flushing  nmethod 0x000001f2a711c288
Event: 9.477 Thread 0x000001f2be5d37d0 flushing  nmethod 0x000001f2a711c988
Event: 9.477 Thread 0x000001f2be5d37d0 flushing  nmethod 0x000001f2a711e088
Event: 9.477 Thread 0x000001f2be5d37d0 flushing  nmethod 0x000001f2a712b588
Event: 9.477 Thread 0x000001f2be5d37d0 flushing  nmethod 0x000001f2a712c908
Event: 9.477 Thread 0x000001f2be5d37d0 flushing  nmethod 0x000001f2a712dd88
Event: 9.477 Thread 0x000001f2be5d37d0 flushing  nmethod 0x000001f2a7131808
Event: 9.477 Thread 0x000001f2be5d37d0 flushing  nmethod 0x000001f2a7139208
Event: 9.477 Thread 0x000001f2be5d37d0 flushing  nmethod 0x000001f2a713a008
Event: 9.477 Thread 0x000001f2be5d37d0 flushing  nmethod 0x000001f2a713ad88
Event: 9.477 Thread 0x000001f2be5d37d0 flushing  nmethod 0x000001f2a713b688
Event: 9.477 Thread 0x000001f2be5d37d0 flushing  nmethod 0x000001f2a713ba08
Event: 9.477 Thread 0x000001f2be5d37d0 flushing  nmethod 0x000001f2a713c888
Event: 9.477 Thread 0x000001f2be5d37d0 flushing  nmethod 0x000001f2a714f988

Events (20 events):
Event: 4.585 Thread 0x000001f2be75e060 Thread exited: 0x000001f2be75e060
Event: 7.685 Thread 0x000001f2be75b000 Thread added: 0x000001f2c4460c90
Event: 7.954 Thread 0x000001f2be619ea0 Thread added: 0x000001f2c445ec50
Event: 7.954 Thread 0x000001f2be619ea0 Thread added: 0x000001f2c44614a0
Event: 9.368 Thread 0x000001f2be75b000 Thread added: 0x000001f2c4465520
Event: 10.934 Thread 0x000001f2c4465520 Thread exited: 0x000001f2c4465520
Event: 10.934 Thread 0x000001f2c44614a0 Thread exited: 0x000001f2c44614a0
Event: 10.934 Thread 0x000001f2c445ec50 Thread exited: 0x000001f2c445ec50
Event: 11.175 Thread 0x000001f2be5fd1a0 Thread added: 0x000001f2c445ec50
Event: 11.733 Thread 0x000001f2c445ec50 Thread exited: 0x000001f2c445ec50
Event: 11.733 Thread 0x000001f2be75b000 Thread exited: 0x000001f2be75b000
Event: 11.733 Thread 0x000001f2c4460c90 Thread exited: 0x000001f2c4460c90
Event: 11.736 Thread 0x000001f2be619ea0 Thread added: 0x000001f2c4460c90
Event: 11.740 Thread 0x000001f2be619ea0 Thread added: 0x000001f2c445ec50
Event: 11.758 Thread 0x000001f2be619ea0 Thread added: 0x000001f2c4465d30
Event: 12.447 Thread 0x000001f2c445ec50 Thread exited: 0x000001f2c445ec50
Event: 12.637 Thread 0x000001f2c4460c90 Thread exited: 0x000001f2c4460c90
Event: 12.673 Thread 0x000001f2be5fd1a0 Thread added: 0x000001f2c445ec50
Event: 12.673 Thread 0x000001f2be5fd1a0 Thread added: 0x000001f2c4462cd0
Event: 12.695 Thread 0x000001f29b654910 Thread added: 0x000001f2c4082630


Dynamic libraries:
0x00007ff720c80000 - 0x00007ff720c8e000 	C:\Users\stasi\.jdks\openjdk-26.0.2\bin\java.exe
0x00007ff9acf00000 - 0x00007ff9ad166000 	C:\WINDOWS\SYSTEM32\ntdll.dll
0x00007ff9ab160000 - 0x00007ff9ab229000 	C:\WINDOWS\System32\KERNEL32.DLL
0x00007ff9aa4b0000 - 0x00007ff9aa8ae000 	C:\WINDOWS\System32\KERNELBASE.dll
0x00007ff9aaad0000 - 0x00007ff9aac1c000 	C:\WINDOWS\System32\ucrtbase.dll
0x00007ff995370000 - 0x00007ff995387000 	C:\Users\stasi\.jdks\openjdk-26.0.2\bin\jli.dll
0x00007ff995230000 - 0x00007ff99524e000 	C:\Users\stasi\.jdks\openjdk-26.0.2\bin\VCRUNTIME140.dll
0x00007ff9abd70000 - 0x00007ff9abf37000 	C:\WINDOWS\System32\USER32.dll
0x00007ff9a93a0000 - 0x00007ff9a9632000 	C:\WINDOWS\WinSxS\amd64_microsoft.windows.common-controls_6595b64144ccf1df_6.0.26100.8875_none_3e0d5d42e32fe9dd\COMCTL32.dll
0x00007ff9aa480000 - 0x00007ff9aa4a7000 	C:\WINDOWS\System32\win32u.dll
0x00007ff9ac050000 - 0x00007ff9ac0f9000 	C:\WINDOWS\System32\msvcrt.dll
0x00007ff9abf90000 - 0x00007ff9abfbb000 	C:\WINDOWS\System32\GDI32.dll
0x00007ff9aa120000 - 0x00007ff9aa24a000 	C:\WINDOWS\System32\gdi32full.dll
0x00007ff9aa250000 - 0x00007ff9aa2f3000 	C:\WINDOWS\System32\msvcp_win.dll
0x00007ff9ab970000 - 0x00007ff9ab9a2000 	C:\WINDOWS\System32\IMM32.DLL
0x00007ff995220000 - 0x00007ff99522c000 	C:\Users\stasi\.jdks\openjdk-26.0.2\bin\vcruntime140_1.dll
0x00007ff921510000 - 0x00007ff92159d000 	C:\Users\stasi\.jdks\openjdk-26.0.2\bin\msvcp140.dll
0x00007ff8cb960000 - 0x00007ff8cc831000 	C:\Users\stasi\.jdks\openjdk-26.0.2\bin\server\jvm.dll
0x00007ff9ab8b0000 - 0x00007ff9ab967000 	C:\WINDOWS\System32\ADVAPI32.dll
0x00007ff9acdf0000 - 0x00007ff9ace9a000 	C:\WINDOWS\System32\sechost.dll
0x00007ff9ac100000 - 0x00007ff9ac218000 	C:\WINDOWS\System32\RPCRT4.dll
0x00007ff9ab820000 - 0x00007ff9ab8a0000 	C:\WINDOWS\System32\WS2_32.dll
0x00007ff9a9cf0000 - 0x00007ff9a9d4e000 	C:\WINDOWS\SYSTEM32\POWRPROF.dll
0x00007ff9a86e0000 - 0x00007ff9a86eb000 	C:\WINDOWS\SYSTEM32\VERSION.dll
0x00007ff9a1b20000 - 0x00007ff9a1b56000 	C:\WINDOWS\SYSTEM32\WINMM.dll
0x00007ff9a9cd0000 - 0x00007ff9a9ce4000 	C:\WINDOWS\SYSTEM32\UMPDC.dll
0x00007ff9a8860000 - 0x00007ff9a887b000 	C:\WINDOWS\SYSTEM32\kernel.appcore.dll
0x00007ff987910000 - 0x00007ff98791a000 	C:\Users\stasi\.jdks\openjdk-26.0.2\bin\jimage.dll
0x00007ff9a9940000 - 0x00007ff9a9b82000 	C:\WINDOWS\SYSTEM32\DBGHELP.DLL
0x00007ff9aadc0000 - 0x00007ff9ab143000 	C:\WINDOWS\System32\combase.dll
0x00007ff9ab9b0000 - 0x00007ff9aba89000 	C:\WINDOWS\System32\OLEAUT32.dll
0x00007ff9a9830000 - 0x00007ff9a986b000 	C:\WINDOWS\SYSTEM32\dbgcore.DLL
0x00007ff9aaa10000 - 0x00007ff9aaabc000 	C:\WINDOWS\System32\bcryptPrimitives.dll
0x00007ff979c20000 - 0x00007ff979c3f000 	C:\Users\stasi\.jdks\openjdk-26.0.2\bin\java.dll
0x00007ff9acae0000 - 0x00007ff9acc79000 	C:\WINDOWS\System32\ole32.dll
0x00007ff9ac220000 - 0x00007ff9ac9b2000 	C:\WINDOWS\System32\SHELL32.dll
0x00007ff9a6a30000 - 0x00007ff9a72c2000 	C:\WINDOWS\SYSTEM32\windows.storage.dll
0x00007ff9abc70000 - 0x00007ff9abd67000 	C:\WINDOWS\System32\SHCORE.dll
0x00007ff9aac30000 - 0x00007ff9aac97000 	C:\WINDOWS\System32\shlwapi.dll
0x00007ff9aa040000 - 0x00007ff9aa069000 	C:\WINDOWS\SYSTEM32\profapi.dll
0x00007ff979b50000 - 0x00007ff979b62000 	C:\Users\stasi\.jdks\openjdk-26.0.2\bin\net.dll
0x00007ff9a8270000 - 0x00007ff9a82dc000 	C:\WINDOWS\system32\mswsock.dll
0x00007ff9450d0000 - 0x00007ff9450e6000 	C:\Users\stasi\.jdks\openjdk-26.0.2\bin\nio.dll
0x00007ff9450b0000 - 0x00007ff9450c6000 	C:\Users\stasi\.jdks\openjdk-26.0.2\bin\zip.dll
0x00007ff921490000 - 0x00007ff9214b4000 	D:\Nowy folder (2)\IntelliJ IDEA 2026.2.0.1\plugins\maven-plugin\lib\maven3\lib\jansi-native\Windows\x86_64\jansi.dll
0x00007ff987900000 - 0x00007ff987910000 	C:\Users\stasi\.jdks\openjdk-26.0.2\bin\verify.dll

JVMTI agents: none

dbghelp: loaded successfully - version: 4.0.5 - missing functions: none
symbol engine: initialized successfully - sym options: 0x614 - pdb path: .;C:\Users\stasi\.jdks\openjdk-26.0.2\bin;C:\WINDOWS\SYSTEM32;C:\WINDOWS\WinSxS\amd64_microsoft.windows.common-controls_6595b64144ccf1df_6.0.26100.8875_none_3e0d5d42e32fe9dd;C:\Users\stasi\.jdks\openjdk-26.0.2\bin\server;D:\Nowy folder (2)\IntelliJ IDEA 2026.2.0.1\plugins\maven-plugin\lib\maven3\lib\jansi-native\Windows\x86_64

VM Arguments:
jvm_args: --enable-native-access=ALL-UNNAMED -Dfile.encoding=UTF-8 -Dclassworlds.conf=D:\Nowy folder (2)\IntelliJ IDEA 2026.2.0.1\plugins\maven-plugin\lib\maven3\bin\m2.conf -Dmaven.home=D:\Nowy folder (2)\IntelliJ IDEA 2026.2.0.1\plugins\maven-plugin\lib\maven3 -Dlibrary.jansi.path=D:\Nowy folder (2)\IntelliJ IDEA 2026.2.0.1\plugins\maven-plugin\lib\maven3\lib\jansi-native -Dmaven.multiModuleProjectDirectory=C:\Users\stasi\IdeaProjects\Mainplugins 
java_command: org.codehaus.plexus.classworlds.launcher.Launcher -Didea.version=2026.2.0.1 -Dmaven.ext.class.path=D:\Nowy folder (2)\IntelliJ IDEA 2026.2.0.1\plugins\maven-plugin\lib\intellij.maven.rt\maven-event-listener.jar -Djansi.passthrough=true -Dstyle.color=always -Dmaven.repo.local=C:\Users\stasi\.m2\repository package -f pom.xml
java_class_path (initial): D:\Nowy folder (2)\IntelliJ IDEA 2026.2.0.1\plugins\maven-plugin\lib\maven3\boot\plexus-classworlds-2.11.0.jar
Launcher Type: SUN_STANDARD

[Global flags]
     bool AOTAdapterCaching                        = false                                  {diagnostic} {ergonomic}
     bool AOTInvokeDynamicLinking                  = false                                  {diagnostic} {ergonomic}
     bool AOTRecordTraining                        = false                                  {diagnostic} {ergonomic}
     bool AOTReplayTraining                        = false                                  {diagnostic} {ergonomic}
     bool AOTStubCaching                           = false                                  {diagnostic} {ergonomic}
     intx CICompilerCount                          = 12                                        {product} {ergonomic}
     uint ConcGCThreads                            = 3                                         {product} {ergonomic}
     uint G1ConcRefinementThreads                  = 13                                        {product} {ergonomic}
     uint G1EagerReclaimRemSetThreshold            = 16                                   {experimental} {ergonomic}
   size_t G1HeapRegionSize                         = 2097152                                   {product} {ergonomic}
     uint G1RemSetArrayOfCardsEntries              = 16                                   {experimental} {ergonomic}
     uint G1RemSetHowlMaxNumBuckets                = 8                                    {experimental} {ergonomic}
     uint G1RemSetHowlNumBuckets                   = 8                                    {experimental} {ergonomic}
   size_t InitialHeapSize                          = 8388608                                   {product} {ergonomic}
     bool IntelJccErratumMitigation                = false                             {ARCH diagnostic} {ergonomic}
   size_t MarkStackSize                            = 4194304                                   {product} {ergonomic}
   size_t MarkStackSizeMax                         = 536870912                                 {product} {ergonomic}
   size_t MaxHeapSize                              = 4276092928                                {product} {ergonomic}
   size_t MaxNewSize                               = 2564816896                                {product} {ergonomic}
 uint64_t MaxRAM                                   = 17098555392                               {product} {ergonomic}
   size_t MinHeapDeltaBytes                        = 2097152                                   {product} {ergonomic}
   size_t MinHeapSize                              = 8388608                                   {product} {ergonomic}
   size_t NonNMethodCodeHeapSize                   = 7667712                                {pd product} {ergonomic}
   size_t NonProfiledCodeHeapSize                  = 122028032                              {pd product} {ergonomic}
   size_t ProfiledCodeHeapSize                     = 122028032                              {pd product} {ergonomic}
   size_t ReservedCodeCacheSize                    = 251723776                              {pd product} {ergonomic}
     bool SegmentedCodeCache                       = true                                      {product} {ergonomic}
   size_t SoftMaxHeapSize                          = 4276092928                             {manageable} {ergonomic}
     bool UseCompressedOops                        = true                           {product lp64_product} {ergonomic}
     bool UseCondCardMark                          = true                                      {product} {ergonomic}
     bool UseFastUnorderedTimeStamps               = true                                 {experimental} {ergonomic}
     bool UseG1GC                                  = true                                      {product} {ergonomic}
     bool UseLargePagesIndividualAllocation        = false                                  {pd product} {ergonomic}
      int X86ICacheSync                            = 3                                 {ARCH diagnostic} {ergonomic}

Logging:
Log output configuration:
 #0: stdout all=warning uptime,level,tags foldmultilines=false
 #1: stderr all=off uptime,level,tags foldmultilines=false

Release file:
IMPLEMENTOR="Oracle Corporation" 
JAVA_RUNTIME_VERSION="26.0.2+10-55" 
JAVA_VERSION="26.0.2" 
JAVA_VERSION_DATE="2026-07-21" 
LIBC="default" 
MODULES="java.base java.compiler java.datatransfer java.xml java.prefs java.desktop java.instrument java.logging java.management java.security.sasl java.naming java.rmi java.management.rmi java.net.http java.scripting java.security.jgss java.transaction.xa java.sql java.sql.rowset java.xml.crypto java.se java.smartcardio jdk.accessibility jdk.internal.jvmstat jdk.attach jdk.charsets jdk.internal.opt jdk.zipfs jdk.compiler jdk.crypto.cryptoki jdk.crypto.ec jdk.crypto.mscapi jdk.dynalink jdk.internal.ed jdk.editpad jdk.internal.vm.ci jdk.graal.compiler jdk.graal.compiler.management jdk.hotspot.agent jdk.httpserver jdk.incubator.vector jdk.internal.le jdk.internal.md jdk.jartool jdk.javadoc jdk.jcmd jdk.management jdk.management.agent jdk.jconsole jdk.jdeps jdk.jdwp.agent jdk.jdi jdk.jfr jdk.jlink jdk.jpackage jdk.jshell jdk.jstatd jdk.localedata jdk.management.jfr jdk.naming.dns jdk.naming.rmi jdk.net jdk.nio.mapmode jdk.sctp jdk.security.auth jdk.security.jgss jdk.unsupported jdk.unsupported.desktop jdk.xml.dom" 
OS_ARCH="x86_64" 
OS_NAME="Windows" 
SOURCE=".:git:fa67dfdcec4b" 

Environment Variables:
JAVA_HOME=C:\Users\stasi\.jdks\openjdk-26.0.2
PATH=C:\Program Files\Common Files\Oracle\Java\javapath;C:\Program Files\Eclipse Adoptium\jdk-21.0.12.8-hotspot\bin;C:\Program Files\Eclipse Adoptium\jdk-25.0.0.36-hotspot\bin;C:\Program Files (x86)\Common Files\Oracle\Java\javapath;C:\WINDOWS\system32;C:\WINDOWS;C:\WINDOWS\System32\Wbem;C:\WINDOWS\System32\WindowsPowerShell\v1.0\;C:\WINDOWS\System32\OpenSSH\;C:\Program Files\dotnet\;C:\Program Files\nodejs\;C:\Program Files\Git\cmd;C:\Users\stasi\.local\bin;C:\Users\stasi\AppData\Local\Microsoft\WindowsApps;C:\Users\stasi\AppData\Local\Programs\Microsoft VS Code\bin;C:\Users\stasi\.dotnet\tools;C:\Users\stasi\AppData\Roaming\npm;C:\Program Files\Eclipse Adoptium\jdk-17.0.8.1-hotspot\bin;C:\src\flutter\bin;C:\src\flutter\bin
USERNAME=stasi
OS=Windows_NT
PROCESSOR_IDENTIFIER=AMD64 Family 25 Model 33 Stepping 2, AuthenticAMD
TMP=C:\Users\stasi\AppData\Local\Temp
TEMP=C:\Users\stasi\AppData\Local\Temp




Compilation memory statistics disabled.

Periodic native trim disabled

---------------  S Y S T E M  ---------------

OS:
 Windows 11 , 64 bit Build 26100 (10.0.26100.8875)
OS uptime: 0 days 6:45 hours
Hyper-V role detected

CPU: total 16 (initial active 16) (8 cores per cpu, 2 threads per core) family 25 model 33 stepping 2 microcode 0xa201210, cx8, cmov, fxsr, ht, mmx, 3dnowpref, sse, sse2, sse3, ssse3, sse4a, sse4.1, sse4.2, popcnt, lzcnt, tsc, tscinvbit, avx, avx2, aes, erms, clmul, bmi1, bmi2, adx, sha, fma, vzeroupper, clflush, clflushopt, clwb, hv, rdtscp, rdpid, fsrm, f16c, cet_ss
Processor Information for the first 16 processors :
  Max Mhz: 3001, Current Mhz: 3001, Mhz Limit: 3001

Memory: 4k page, system-wide physical 16306M (515M free)
TotalPageFile size 31775M (AvailPageFile size 80M)
current process WorkingSet (physical memory assigned to process): 290M, peak: 290M
current process commit charge ("private bytes"): 354M, peak: 378M

vm_info: OpenJDK 64-Bit Server VM (26.0.2+10-55) for windows-amd64 JRE (26.0.2+10-55), built on 2026-06-17T09:18:01Z with MS VC++ 17.13 (VS2022)

END.
